Archive member included to satisfy reference by file (symbol)

c:/st/stm32cubeide_1.12.1/stm32cubeide/plugins/com.st.stm32cube.ide.mcu.externaltools.gnu-tools-for-stm32.10.3-2021.10.win32_1.0.200.202301161003/tools/bin/../lib/gcc/arm-none-eabi/10.3.1/../../../../arm-none-eabi/lib/thumb/v7e-m+fp/hard\libc_nano.a(lib_a-errno.o)
                              ./Core/Src/syscalls.o (__errno)
c:/st/stm32cubeide_1.12.1/stm32cubeide/plugins/com.st.stm32cube.ide.mcu.externaltools.gnu-tools-for-stm32.10.3-2021.10.win32_1.0.200.202301161003/tools/bin/../lib/gcc/arm-none-eabi/10.3.1/../../../../arm-none-eabi/lib/thumb/v7e-m+fp/hard\libc_nano.a(lib_a-exit.o)
                              c:/st/stm32cubeide_1.12.1/stm32cubeide/plugins/com.st.stm32cube.ide.mcu.externaltools.gnu-tools-for-stm32.10.3-2021.10.win32_1.0.200.202301161003/tools/bin/../lib/gcc/arm-none-eabi/10.3.1/../../../../arm-none-eabi/lib/thumb/v7e-m+fp/hard/crt0.o (exit)
c:/st/stm32cubeide_1.12.1/stm32cubeide/plugins/com.st.stm32cube.ide.mcu.externaltools.gnu-tools-for-stm32.10.3-2021.10.win32_1.0.200.202301161003/tools/bin/../lib/gcc/arm-none-eabi/10.3.1/../../../../arm-none-eabi/lib/thumb/v7e-m+fp/hard\libc_nano.a(lib_a-impure.o)
                              c:/st/stm32cubeide_1.12.1/stm32cubeide/plugins/com.st.stm32cube.ide.mcu.externaltools.gnu-tools-for-stm32.10.3-2021.10.win32_1.0.200.202301161003/tools/bin/../lib/gcc/arm-none-eabi/10.3.1/../../../../arm-none-eabi/lib/thumb/v7e-m+fp/hard\libc_nano.a(lib_a-exit.o) (_global_impure_ptr)
c:/st/stm32cubeide_1.12.1/stm32cubeide/plugins/com.st.stm32cube.ide.mcu.externaltools.gnu-tools-for-stm32.10.3-2021.10.win32_1.0.200.202301161003/tools/bin/../lib/gcc/arm-none-eabi/10.3.1/../../../../arm-none-eabi/lib/thumb/v7e-m+fp/hard\libc_nano.a(lib_a-init.o)
                              c:/st/stm32cubeide_1.12.1/stm32cubeide/plugins/com.st.stm32cube.ide.mcu.externaltools.gnu-tools-for-stm32.10.3-2021.10.win32_1.0.200.202301161003/tools/bin/../lib/gcc/arm-none-eabi/10.3.1/../../../../arm-none-eabi/lib/thumb/v7e-m+fp/hard/crt0.o (__libc_init_array)
c:/st/stm32cubeide_1.12.1/stm32cubeide/plugins/com.st.stm32cube.ide.mcu.externaltools.gnu-tools-for-stm32.10.3-2021.10.win32_1.0.200.202301161003/tools/bin/../lib/gcc/arm-none-eabi/10.3.1/../../../../arm-none-eabi/lib/thumb/v7e-m+fp/hard\libc_nano.a(lib_a-malloc.o)
                              ./Middlewares/ST/STM32_USB_Host_Library/Class/MSC/Src/usbh_msc.o (malloc)
c:/st/stm32cubeide_1.12.1/stm32cubeide/plugins/com.st.stm32cube.ide.mcu.externaltools.gnu-tools-for-stm32.10.3-2021.10.win32_1.0.200.202301161003/tools/bin/../lib/gcc/arm-none-eabi/10.3.1/../../../../arm-none-eabi/lib/thumb/v7e-m+fp/hard\libc_nano.a(lib_a-memcpy-stub.o)
                              ./Core/Src/MY_CS43L22.o (memcpy)
c:/st/stm32cubeide_1.12.1/stm32cubeide/plugins/com.st.stm32cube.ide.mcu.externaltools.gnu-tools-for-stm32.10.3-2021.10.win32_1.0.200.202301161003/tools/bin/../lib/gcc/arm-none-eabi/10.3.1/../../../../arm-none-eabi/lib/thumb/v7e-m+fp/hard\libc_nano.a(lib_a-memset.o)
                              c:/st/stm32cubeide_1.12.1/stm32cubeide/plugins/com.st.stm32cube.ide.mcu.externaltools.gnu-tools-for-stm32.10.3-2021.10.win32_1.0.200.202301161003/tools/bin/../lib/gcc/arm-none-eabi/10.3.1/../../../../arm-none-eabi/lib/thumb/v7e-m+fp/hard/crt0.o (memset)
c:/st/stm32cubeide_1.12.1/stm32cubeide/plugins/com.st.stm32cube.ide.mcu.externaltools.gnu-tools-for-stm32.10.3-2021.10.win32_1.0.200.202301161003/tools/bin/../lib/gcc/arm-none-eabi/10.3.1/../../../../arm-none-eabi/lib/thumb/v7e-m+fp/hard\libc_nano.a(lib_a-nano-freer.o)
                              c:/st/stm32cubeide_1.12.1/stm32cubeide/plugins/com.st.stm32cube.ide.mcu.externaltools.gnu-tools-for-stm32.10.3-2021.10.win32_1.0.200.202301161003/tools/bin/../lib/gcc/arm-none-eabi/10.3.1/../../../../arm-none-eabi/lib/thumb/v7e-m+fp/hard\libc_nano.a(lib_a-malloc.o) (_free_r)
c:/st/stm32cubeide_1.12.1/stm32cubeide/plugins/com.st.stm32cube.ide.mcu.externaltools.gnu-tools-for-stm32.10.3-2021.10.win32_1.0.200.202301161003/tools/bin/../lib/gcc/arm-none-eabi/10.3.1/../../../../arm-none-eabi/lib/thumb/v7e-m+fp/hard\libc_nano.a(lib_a-nano-mallocr.o)
                              c:/st/stm32cubeide_1.12.1/stm32cubeide/plugins/com.st.stm32cube.ide.mcu.externaltools.gnu-tools-for-stm32.10.3-2021.10.win32_1.0.200.202301161003/tools/bin/../lib/gcc/arm-none-eabi/10.3.1/../../../../arm-none-eabi/lib/thumb/v7e-m+fp/hard\libc_nano.a(lib_a-malloc.o) (_malloc_r)
c:/st/stm32cubeide_1.12.1/stm32cubeide/plugins/com.st.stm32cube.ide.mcu.externaltools.gnu-tools-for-stm32.10.3-2021.10.win32_1.0.200.202301161003/tools/bin/../lib/gcc/arm-none-eabi/10.3.1/../../../../arm-none-eabi/lib/thumb/v7e-m+fp/hard\libc_nano.a(lib_a-sbrkr.o)
[...]
Memory Configuration

Name             Origin             Length             Attributes
CCMRAM           0x0000000010000000 0x0000000000010000 xrw
RAM              0x0000000020000000 0x0000000000020000 xrw
FLASH            0x0000000008000000 0x0000000000100000 xr
*default*        0x0000000000000000 0xffffffffffffffff

Linker script and memory map

LOAD c:/st/stm32cubeide_1.12.1/stm32cubeide/plugins/com.st.stm32cube.ide.mcu.externaltools.gnu-tools-for-stm32.10.3-2021.10.win32_1.0.200.202301161003/tools/bin/../lib/gcc/arm-none-eabi/10.3.1/thumb/v7e-m+fp/hard/crti.o
LOAD c:/st/stm32cubeide_1.12.1/stm32cubeide/plugins/com.st.stm32cube.ide.mcu.externaltools.gnu-tools-for-stm32.10.3-2021.10.win32_1.0.200.202301161003/tools/bin/../lib/gcc/arm-none-eabi/10.3.1/thumb/v7e-m+fp/hard/crtbegin.o
LOAD c:/st/stm32cubeide_1.12.1/stm32cubeide/plugins/com.st.stm32cube.ide.mcu.externaltools.gnu-tools-for-stm32.10.3-2021.10.win32_1.0.200.202301161003/tools/bin/../lib/gcc/arm-none-eabi/10.3.1/../../../../arm-none-eabi/lib/thumb/v7e-m+fp/hard/crt0.o
LOAD ./Core/Src/MY_CS43L22.o
LOAD ./Core/Src/audioI2S.o
LOAD ./Core/Src/main.o
LOAD ./Core/Src/stm32f4xx_hal_msp.o
LOAD ./Core/Src/stm32f4xx_it.o
LOAD ./Core/Src/syscalls.o
LOAD ./Core/Src/sysmem.o
LOAD ./Core/Src/system_stm32f4xx.o
LOAD ./Core/Src/wav_player.o
LOAD ./Core/Startup/startup_stm32f407vgtx.o
LOAD ./Drivers/STM32F4xx_HAL_Driver/Src/stm32f4xx_hal.o
LOAD ./Drivers/STM32F4xx_HAL_Driver/Src/stm32f4xx_hal_cortex.o
LOAD ./Drivers/STM32F4xx_HAL_Driver/Src/stm32f4xx_hal_dma.o
LOAD ./Drivers/STM32F4xx_HAL_Driver/Src/stm32f4xx_hal_dma_ex.o
LOAD ./Drivers/STM32F4xx_HAL_Driver/Src/stm32f4xx_hal_exti.o
LOAD ./Drivers/STM32F4xx_HAL_Driver/Src/stm32f4xx_hal_flash.o
LOAD ./Drivers/STM32F4xx_HAL_Driver/Src/stm32f4xx_hal_flash_ex.o
LOAD ./Drivers/STM32F4xx_HAL_Driver/Src/stm32f4xx_hal_flash_ramfunc.o
LOAD ./Drivers/STM32F4xx_HAL_Driver/Src/stm32f4xx_hal_gpio.o
LOAD ./Drivers/STM32F4xx_HAL_Driver/Src/stm32f4xx_hal_hcd.o
LOAD ./Drivers/STM32F4xx_HAL_Driver/Src/stm32f4xx_hal_i2c.o
LOAD ./Drivers/STM32F4xx_HAL_Driver/Src/stm32f4xx_hal_i2c_ex.o
LOAD ./Drivers/STM32F4xx_HAL_Driver/Src/stm32f4xx_hal_i2s.o
LOAD ./Drivers/STM32F4xx_HAL_Driver/Src/stm32f4xx_hal_i2s_ex.o
LOAD ./Drivers/STM32F4xx_HAL_Driver/Src/stm32f4xx_hal_pwr.o
LOAD ./Drivers/STM32F4xx_HAL_Driver/Src/stm32f4xx_hal_pwr_ex.o
LOAD ./Drivers/STM32F4xx_HAL_Driver/Src/stm32f4xx_hal_rcc.o
LOAD ./Drivers/STM32F4xx_HAL_Driver/Src/stm32f4xx_hal_rcc_ex.o
LOAD ./Drivers/STM32F4xx_HAL_Driver/Src/stm32f4xx_hal_tim.o
LOAD ./Drivers/STM32F4xx_HAL_Driver/Src/stm32f4xx_hal_tim_ex.o
LOAD ./Drivers/STM32F4xx_HAL_Driver/Src/stm32f4xx_ll_usb.o
LOAD ./FATFS/App/fatfs.o
LOAD ./FATFS/Target/usbh_diskio.o
LOAD ./Middlewares/ST/STM32_USB_Host_Library/Class/MSC/Src/usbh_msc.o
LOAD ./Middlewares/ST/STM32_USB_Host_Library/Class/MSC/Src/usbh_msc_bot.o
LOAD ./Middlewares/ST/STM32_USB_Host_Library/Class/MSC/Src/usbh_msc_scsi.o
LOAD ./Middlewares/ST/STM32_USB_Host_Library/Core/Src/usbh_core.o
LOAD ./Middlewares/ST/STM32_USB_Host_Library/Core/Src/usbh_ctlreq.o
LOAD ./Middlewares/ST/STM32_USB_Host_Library/Core/Src/usbh_ioreq.o
LOAD ./Middlewares/ST/STM32_USB_Host_Library/Core/Src/usbh_pipes.o
LOAD ./Middlewares/Third_Party/FatFs/src/diskio.o
LOAD ./Middlewares/Third_Party/FatFs/src/ff.o
LOAD ./Middlewares/Third_Party/FatFs/src/ff_gen_drv.o
LOAD ./Middlewares/Third_Party/FatFs/src/option/syscall.o
LOAD ./USB_HOST/App/usb_host.o
LOAD ./USB_HOST/Target/usbh_conf.o
LOAD ./USB_HOST/Target/usbh_platform.o
START GROUP
LOAD c:/st/stm32cubeide_1.12.1/stm32cubeide/plugins/com.st.stm32cube.ide.mcu.externaltools.gnu-tools-for-stm32.10.3-2021.10.win32_1.0.200.202301161003/tools/bin/../lib/gcc/arm-none-eabi/10.3.1/../../../../arm-none-eabi/lib/thumb/v7e-m+fp/hard\libc_nano.a
LOAD c:/st/stm32cubeide_1.12.1/stm32cubeide/plugins/com.st.stm32cube.ide.mcu.externaltools.gnu-tools-for-stm32.10.3-2021.10.win32_1.0.200.202301161003/tools/bin/../lib/gcc/arm-none-eabi/10.3.1/../../../../arm-none-eabi/lib/thumb/v7e-m+fp/hard\libm.a
END GROUP
START GROUP
LOAD c:/st/stm32cubeide_1.12.1/stm32cubeide/plugins/com.st.stm32cube.ide.mcu.externaltools.gnu-tools-for-stm32.10.3-2021.10.win32_1.0.200.202301161003/tools/bin/../lib/gcc/arm-none-eabi/10.3.1/thumb/v7e-m+fp/hard\libgcc.a
LOAD c:/st/stm32cubeide_1.12.1/stm32cubeide/plugins/com.st.stm32cube.ide.mcu.externaltools.gnu-tools-for-stm32.10.3-2021.10.win32_1.0.200.202301161003/tools/bin/../lib/gcc/arm-none-eabi/10.3.1/../../../../arm-none-eabi/lib/thumb/v7e-m+fp/hard\libc_nano.a
END GROUP
START GROUP
LOAD c:/st/stm32cubeide_1.12.1/stm32cubeide/plugins/com.st.stm32cube.ide.mcu.externaltools.gnu-tools-for-stm32.10.3-2021.10.win32_1.0.200.202301161003/tools/bin/../lib/gcc/arm-none-eabi/10.3.1/thumb/v7e-m+fp/hard\libgcc.a
LOAD c:/st/stm32cubeide_1.12.1/stm32cubeide/plugins/com.st.stm32cube.ide.mcu.externaltools.gnu-tools-for-stm32.10.3-2021.10.win32_1.0.200.202301161003/tools/bin/../lib/gcc/arm-none-eabi/10.3.1/../../../../arm-none-eabi/lib/thumb/v7e-m+fp/hard\libc_nano.a
LOAD c:/st/stm32cubeide_1.12.1/stm32cubeide/plugins/com.st.stm32cube.ide.mcu.externaltools.gnu-tools-for-stm32.10.3-2021.10.win32_1.0.200.202301161003/tools/bin/../lib/gcc/arm-none-eabi/10.3.1/../../../../arm-none-eabi/lib/thumb/v7e-m+fp/hard\libnosys.a
END GROUP
START GROUP
LOAD c:/st/stm32cubeide_1.12.1/stm32cubeide/plugins/com.st.stm32cube.ide.mcu.externaltools.gnu-tools-for-stm32.10.3-2021.10.win32_1.0.200.202301161003/tools/bin/../lib/gcc/arm-none-eabi/10.3.1/thumb/v7e-m+fp/hard\libgcc.a
LOAD c:/st/stm32cubeide_1.12.1/stm32cubeide/plugins/com.st.stm32cube.ide.mcu.externaltools.gnu-tools-for-stm32.10.3-2021.10.win32_1.0.200.202301161003/tools/bin/../lib/gcc/arm-none-eabi/10.3.1/../../../../arm-none-eabi/lib/thumb/v7e-m+fp/hard\libc_nano.a
LOAD c:/st/stm32cubeide_1.12.1/stm32cubeide/plugins/com.st.stm32cube.ide.mcu.externaltools.gnu-tools-for-stm32.10.3-2021.10.win32_1.0.200.202301161003/tools/bin/../lib/gcc/arm-none-eabi/10.3.1/../../../../arm-none-eabi/lib/thumb/v7e-m+fp/hard\libnosys.a
END GROUP
LOAD c:/st/stm32cubeide_1.12.1/stm32cubeide/plugins/com.st.stm32cube.ide.mcu.externaltools.gnu-tools-for-stm32.10.3-2021.10.win32_1.0.200.202301161003/tools/bin/../lib/gcc/arm-none-eabi/10.3.1/thumb/v7e-m+fp/hard/crtend.o
LOAD c:/st/stm32cubeide_1.12.1/stm32cubeide/plugins/com.st.stm32cube.ide.mcu.externaltools.gnu-tools-for-stm32.10.3-2021.10.win32_1.0.200.202301161003/tools/bin/../lib/gcc/arm-none-eabi/10.3.1/thumb/v7e-m+fp/hard/crtn.o
                0x0000000020020000                _estack = (ORIGIN (RAM) + LENGTH (RAM))
                0x0000000000002000                _Min_Heap_Size = 0x2000
                0x0000000000002000                _Min_Stack_Size = 0x2000

.isr_vector     0x0000000008000000      0x188
                0x0000000008000000                . = ALIGN (0x4)
 *(.isr_vector)
 .isr_vector    0x0000000008000000      0x188 ./Core/Startup/startup_stm32f407vgtx.o
                0x0000000008000000                g_pfnVectors
                0x0000000008000188                . = ALIGN (0x4)

.text           0x0000000008000188     0xe388
                0x0000000008000188                . = ALIGN (0x4)
 *(.text)
 .text          0x0000000008000188       0x40 c:/st/stm32cubeide_1.12.1/stm32cubeide/plugins/com.st.stm32cube.ide.mcu.externaltools.gnu-tools-for-stm32.10.3-2021.10.win32_1.0.200.202301161003/tools/bin/../lib/gcc/arm-none-eabi/10.3.1/thumb/v7e-m+fp/hard/crtbegin.o
 .text          0x00000000080001c8       0x30 c:/st/stm32cubeide_1.12.1/stm32cubeide/plugins/com.st.stm32cube.ide.mcu.externaltools.gnu-tools-for-stm32.10.3-2021.10.win32_1.0.200.202301161003/tools/bin/../lib/gcc/arm-none-eabi/10.3.1/thumb/v7e-m+fp/hard\libgcc.a(_aeabi_uldivmod.o)
                0x00000000080001c8                __aeabi_uldivmod
 .text          0x00000000080001f8      0x2d0 c:/st/stm32cubeide_1.12.1/stm32cubeide/plugins/com.st.stm32cube.ide.mcu.externaltools.gnu-tools-for-stm32.10.3-2021.10.win32_1.0.200.202301161003/tools/bin/../lib/gcc/arm-none-eabi/10.3.1/thumb/v7e-m+fp/hard\libgcc.a(_udivmoddi4.o)
                0x00000000080001f8                __udivmoddi4
 .text          0x00000000080004c8        0x4 c:/st/stm32cubeide_1.12.1/stm32cubeide/plugins/com.st.stm32cube.ide.mcu.externaltools.gnu-tools-for-stm32.10.3-2021.10.win32_1.0.200.202301161003/tools/bin/../lib/gcc/arm-none-eabi/10.3.1/thumb/v7e-m+fp/hard\libgcc.a(_dvmd_tls.o)
                0x00000000080004c8                __aeabi_idiv0
                0x00000000080004c8                __aeabi_ldiv0
 *(.text*)
 .text.write_register
                0x00000000080004cc       0x34 ./Core/Src/MY_CS43L22.o
 .text.read_register
                0x0000000008000500       0x40 ./Core/Src/MY_CS43L22.o
 .text.CS43_Init
                0x0000000008000540      0x20c ./Core/Src/MY_CS43L22.o
                0x0000000008000540                CS43_Init
 .text.CS43_Enable_RightLeft
                0x000000000800074c       0x94 ./Core/Src/MY_CS43L22.o
                0x000000000800074c                CS43_Enable_RightLeft
 .text.CS43_SetVolume
                0x00000000080007e0       0x36 ./Core/Src/MY_CS43L22.o
                0x00000000080007e0                CS43_SetVolume
 .text.CS43_SetMute
                0x0000000008000816       0x7e ./Core/Src/MY_CS43L22.o
                0x0000000008000816                CS43_SetMute
 .text.CS43_Start
                0x0000000008000894       0x98 ./Core/Src/MY_CS43L22.o
                0x0000000008000894                CS43_Start
 .text.CS43_Stop
                0x000000000800092c       0x34 ./Core/Src/MY_CS43L22.o
                0x000000000800092c                CS43_Stop
 .text.audioI2S_pllClockConfig
                0x0000000008000960       0x98 ./Core/Src/audioI2S.o
 .text.I2S3_freqUpdate
                0x00000000080009f8       0x88 ./Core/Src/audioI2S.o
 .text.audioI2S_setHandle
                0x0000000008000a80       0x20 ./Core/Src/audioI2S.o
                0x0000000008000a80                audioI2S_setHandle
 .text.audioI2S_init
                0x0000000008000aa0       0x1e ./Core/Src/audioI2S.o
                0x0000000008000aa0                audioI2S_init
 *fill*         0x0000000008000abe        0x2 
 .text.audioI2S_play
                0x0000000008000ac0       0x3c ./Core/Src/audioI2S.o
                0x0000000008000ac0                audioI2S_play
 .text.audioI2S_pause
                0x0000000008000afc       0x1c ./Core/Src/audioI2S.o
                0x0000000008000afc                audioI2S_pause
 .text.audioI2S_resume
                0x0000000008000b18       0x1c ./Core/Src/audioI2S.o
                0x0000000008000b18                audioI2S_resume
 .text.audioI2S_stop
                0x0000000008000b34       0x1c ./Core/Src/audioI2S.o
                0x0000000008000b34                audioI2S_stop
 .text.HAL_I2S_TxCpltCallback
                0x0000000008000b50       0x24 ./Core/Src/audioI2S.o
                0x0000000008000b50                HAL_I2S_TxCpltCallback
 .text.HAL_I2S_TxHalfCpltCallback
                0x0000000008000b74       0x24 ./Core/Src/audioI2S.o
                0x0000000008000b74                HAL_I2S_TxHalfCpltCallback
 .text.main     0x0000000008000b98      0x1a0 ./Core/Src/main.o
                0x0000000008000b98                main
 .text.SystemClock_Config
                0x0000000008000d38       0xd4 ./Core/Src/main.o
                0x0000000008000d38                SystemClock_Config
 .text.MX_I2C1_Init
                0x0000000008000e0c       0x5c ./Core/Src/main.o
 .text.MX_I2S3_Init
                0x0000000008000e68       0x5c ./Core/Src/main.o
 .text.MX_DMA_Init
                0x0000000008000ec4       0x40 ./Core/Src/main.o
 .text.MX_GPIO_Init
                0x0000000008000f04      0x140 ./Core/Src/main.o
 .text.Error_Handler
                0x0000000008001044        0xa ./Core/Src/main.o
                0x0000000008001044                Error_Handler
 *fill*         0x000000000800104e        0x2 
 .text.HAL_MspInit
                0x0000000008001050       0x50 ./Core/Src/stm32f4xx_hal_msp.o
                0x0000000008001050                HAL_MspInit
 .text.HAL_I2C_MspInit
                0x00000000080010a0       0x90 ./Core/Src/stm32f4xx_hal_msp.o
                0x00000000080010a0                HAL_I2C_MspInit
 .text.HAL_I2S_MspInit
                0x0000000008001130      0x17c ./Core/Src/stm32f4xx_hal_msp.o
                0x0000000008001130                HAL_I2S_MspInit
 .text.NMI_Handler
                0x00000000080012ac        0x6 ./Core/Src/stm32f4xx_it.o
                0x00000000080012ac                NMI_Handler
 .text.HardFault_Handler
                0x00000000080012b2        0x6 ./Core/Src/stm32f4xx_it.o
                0x00000000080012b2                HardFault_Handler
 .text.MemManage_Handler
                0x00000000080012b8        0x6 ./Core/Src/stm32f4xx_it.o
                0x00000000080012b8                MemManage_Handler
 .text.BusFault_Handler
                0x00000000080012be        0x6 ./Core/Src/stm32f4xx_it.o
                0x00000000080012be                BusFault_Handler
 .text.UsageFault_Handler
                0x00000000080012c4        0x6 ./Core/Src/stm32f4xx_it.o
                0x00000000080012c4                UsageFault_Handler
 .text.SVC_Handler
                0x00000000080012ca        0xe ./Core/Src/stm32f4xx_it.o
                0x00000000080012ca                SVC_Handler
 .text.DebugMon_Handler
                0x00000000080012d8        0xe ./Core/Src/stm32f4xx_it.o
                0x00000000080012d8                DebugMon_Handler
 .text.PendSV_Handler
                0x00000000080012e6        0xe ./Core/Src/stm32f4xx_it.o
                0x00000000080012e6                PendSV_Handler
 .text.SysTick_Handler
                0x00000000080012f4        0xc ./Core/Src/stm32f4xx_it.o
                0x00000000080012f4                SysTick_Handler
 .text.DMA1_Stream5_IRQHandler
                0x0000000008001300       0x14 ./Core/Src/stm32f4xx_it.o
                0x0000000008001300                DMA1_Stream5_IRQHandler
 .text.OTG_FS_IRQHandler
                0x0000000008001314       0x14 ./Core/Src/stm32f4xx_it.o
                0x0000000008001314                OTG_FS_IRQHandler
 .text._sbrk    0x0000000008001328       0x6c ./Core/Src/sysmem.o
                0x0000000008001328                _sbrk
 .text.SystemInit
                0x0000000008001394       0x24 ./Core/Src/system_stm32f4xx.o
                0x0000000008001394                SystemInit
 .text.wavPlayer_reset
                0x00000000080013b8       0x24 ./Core/Src/wav_player.o
 .text.wavPlayer_fileSelect
                0x00000000080013dc       0x54 ./Core/Src/wav_player.o
                0x00000000080013dc                wavPlayer_fileSelect
 .text.wavPlayer_play
                0x0000000008001430       0x64 ./Core/Src/wav_player.o
                0x0000000008001430                wavPlayer_play
 .text.wavPlayer_process
                0x0000000008001494       0xe4 ./Core/Src/wav_player.o
                0x0000000008001494                wavPlayer_process
 .text.wavPlayer_stop
                0x0000000008001578       0x18 ./Core/Src/wav_player.o
                0x0000000008001578                wavPlayer_stop
 .text.wavPlayer_pause
                0x0000000008001590        0xc ./Core/Src/wav_player.o
                0x0000000008001590                wavPlayer_pause
 .text.wavPlayer_resume
                0x000000000800159c        0xc ./Core/Src/wav_player.o
                0x000000000800159c                wavPlayer_resume
 .text.wavPlayer_isFinished
                0x00000000080015a8       0x18 ./Core/Src/wav_player.o
                0x00000000080015a8                wavPlayer_isFinished
 .text.audioI2S_halfTransfer_Callback
                0x00000000080015c0       0x18 ./Core/Src/wav_player.o
                0x00000000080015c0                audioI2S_halfTransfer_Callback
 .text.audioI2S_fullTransfer_Callback
                0x00000000080015d8       0x18 ./Core/Src/wav_player.o
                0x00000000080015d8                audioI2S_fullTransfer_Callback
 .text.Reset_Handler
                0x00000000080015f0       0x50 ./Core/Startup/startup_stm32f407vgtx.o
                0x00000000080015f0                Reset_Handler
 .text.Default_Handler
                0x0000000008001640        0x2 ./Core/Startup/startup_stm32f407vgtx.o
                0x0000000008001640                RTC_Alarm_IRQHandler
                0x0000000008001640                HASH_RNG_IRQHandler
                0x0000000008001640                EXTI2_IRQHandler
                0x0000000008001640                TIM8_CC_IRQHandler
                0x0000000008001640                TIM1_CC_IRQHandler
                0x0000000008001640                DMA2_Stream5_IRQHandler
                0x0000000008001640                PVD_IRQHandler
                0x0000000008001640                SDIO_IRQHandler
                0x0000000008001640                TAMP_STAMP_IRQHandler
                0x0000000008001640                CAN2_RX1_IRQHandler
                0x0000000008001640                EXTI3_IRQHandler
                0x0000000008001640                TIM8_TRG_COM_TIM14_IRQHandler
                0x0000000008001640                TIM1_UP_TIM10_IRQHandler
                0x0000000008001640                TIM8_UP_TIM13_IRQHandler
                0x0000000008001640                I2C3_ER_IRQHandler
                0x0000000008001640                EXTI0_IRQHandler
                0x0000000008001640                I2C2_EV_IRQHandler
                0x0000000008001640                DMA1_Stream2_IRQHandler
                0x0000000008001640                CAN1_RX0_IRQHandler
                0x0000000008001640                FPU_IRQHandler
                0x0000000008001640                OTG_HS_WKUP_IRQHandler
                0x0000000008001640                CAN2_SCE_IRQHandler
                0x0000000008001640                DMA2_Stream2_IRQHandler
                0x0000000008001640                SPI1_IRQHandler
                0x0000000008001640                TIM6_DAC_IRQHandler
                0x0000000008001640                TIM1_BRK_TIM9_IRQHandler
                0x0000000008001640                DCMI_IRQHandler
                0x0000000008001640                CAN2_RX0_IRQHandler
                0x0000000008001640                DMA2_Stream3_IRQHandler
                0x0000000008001640                USART6_IRQHandler
                0x0000000008001640                USART3_IRQHandler
                0x0000000008001640                CAN1_RX1_IRQHandler
                0x0000000008001640                UART5_IRQHandler
                0x0000000008001640                DMA2_Stream0_IRQHandler
                0x0000000008001640                TIM4_IRQHandler
                0x0000000008001640                I2C1_EV_IRQHandler
                0x0000000008001640                DMA1_Stream6_IRQHandler
                0x0000000008001640                DMA1_Stream1_IRQHandler
                0x0000000008001640                UART4_IRQHandler
                0x0000000008001640                TIM3_IRQHandler
                0x0000000008001640                RCC_IRQHandler
                0x0000000008001640                TIM8_BRK_TIM12_IRQHandler
                0x0000000008001640                Default_Handler
                0x0000000008001640                EXTI15_10_IRQHandler
                0x0000000008001640                ADC_IRQHandler
                0x0000000008001640                DMA1_Stream7_IRQHandler
                0x0000000008001640                TIM7_IRQHandler
                0x0000000008001640                CAN2_TX_IRQHandler
                0x0000000008001640                TIM5_IRQHandler
                0x0000000008001640                DMA2_Stream7_IRQHandler
                0x0000000008001640                I2C3_EV_IRQHandler
                0x0000000008001640                EXTI9_5_IRQHandler
                0x0000000008001640                RTC_WKUP_IRQHandler
                0x0000000008001640                ETH_WKUP_IRQHandler
                0x0000000008001640                SPI2_IRQHandler
                0x0000000008001640                OTG_HS_EP1_IN_IRQHandler
                0x0000000008001640                DMA1_Stream0_IRQHandler
                0x0000000008001640                CAN1_TX_IRQHandler
                0x0000000008001640                EXTI4_IRQHandler
                0x0000000008001640                FSMC_IRQHandler
                0x0000000008001640                ETH_IRQHandler
                0x0000000008001640                OTG_HS_EP1_OUT_IRQHandler
                0x0000000008001640                WWDG_IRQHandler
                0x0000000008001640                TIM2_IRQHandler
                0x0000000008001640                OTG_FS_WKUP_IRQHandler
                0x0000000008001640                TIM1_TRG_COM_TIM11_IRQHandler
                0x0000000008001640                OTG_HS_IRQHandler
                0x0000000008001640                EXTI1_IRQHandler
                0x0000000008001640                USART2_IRQHandler
                0x0000000008001640                I2C2_ER_IRQHandler
                0x0000000008001640                DMA2_Stream1_IRQHandler
                0x0000000008001640                CAN1_SCE_IRQHandler
                0x0000000008001640                FLASH_IRQHandler
                0x0000000008001640                DMA2_Stream4_IRQHandler
                0x0000000008001640                USART1_IRQHandler
                0x0000000008001640                SPI3_IRQHandler
                0x0000000008001640                DMA1_Stream4_IRQHandler
                0x0000000008001640                I2C1_ER_IRQHandler
                0x0000000008001640                DMA2_Stream6_IRQHandler
                0x0000000008001640                DMA1_Stream3_IRQHandler
 *fill*         0x0000000008001642        0x2 
 .text.HAL_Init
                0x0000000008001644       0x44 ./Drivers/STM32F4xx_HAL_Driver/Src/stm32f4xx_hal.o
                0x0000000008001644                HAL_Init
 .text.HAL_InitTick
                0x0000000008001688       0x60 ./Drivers/STM32F4xx_HAL_Driver/Src/stm32f4xx_hal.o
                0x0000000008001688                HAL_InitTick
 .text.HAL_IncTick
                0x00000000080016e8       0x28 ./Drivers/STM32F4xx_HAL_Driver/Src/stm32f4xx_hal.o
                0x00000000080016e8                HAL_IncTick
 .text.HAL_GetTick
                0x0000000008001710       0x18 ./Drivers/STM32F4xx_HAL_Driver/Src/stm32f4xx_hal.o
                0x0000000008001710                HAL_GetTick
 .text.HAL_Delay
                0x0000000008001728       0x48 ./Drivers/STM32F4xx_HAL_Driver/Src/stm32f4xx_hal.o
                0x0000000008001728                HAL_Delay
 .text.__NVIC_SetPriorityGrouping
                0x0000000008001770       0x48 ./Drivers/STM32F4xx_HAL_Driver/Src/stm32f4xx_hal_cortex.o
 .text.__NVIC_GetPriorityGrouping
                0x00000000080017b8       0x1c ./Drivers/STM32F4xx_HAL_Driver/Src/stm32f4xx_hal_cortex.o
 .text.__NVIC_EnableIRQ
                0x00000000080017d4       0x3c ./Drivers/STM32F4xx_HAL_Driver/Src/stm32f4xx_hal_cortex.o
 .text.__NVIC_SetPriority
                0x0000000008001810       0x54 ./Drivers/STM32F4xx_HAL_Driver/Src/stm32f4xx_hal_cortex.o
 .text.NVIC_EncodePriority
                0x0000000008001864       0x66 ./Drivers/STM32F4xx_HAL_Driver/Src/stm32f4xx_hal_cortex.o
 *fill*         0x00000000080018ca        0x2 
 .text.SysTick_Config
                0x00000000080018cc       0x44 ./Drivers/STM32F4xx_HAL_Driver/Src/stm32f4xx_hal_cortex.o
 .text.HAL_NVIC_SetPriorityGrouping
                0x0000000008001910       0x16 ./Drivers/STM32F4xx_HAL_Driver/Src/stm32f4xx_hal_cortex.o
                0x0000000008001910                HAL_NVIC_SetPriorityGrouping
 .text.HAL_NVIC_SetPriority
                0x0000000008001926       0x38 ./Drivers/STM32F4xx_HAL_Driver/Src/stm32f4xx_hal_cortex.o
                0x0000000008001926                HAL_NVIC_SetPriority
 .text.HAL_NVIC_EnableIRQ
                0x000000000800195e       0x1c ./Drivers/STM32F4xx_HAL_Driver/Src/stm32f4xx_hal_cortex.o
                0x000000000800195e                HAL_NVIC_EnableIRQ
 .text.HAL_SYSTICK_Config
                0x000000000800197a       0x18 ./Drivers/STM32F4xx_HAL_Driver/Src/stm32f4xx_hal_cortex.o
                0x000000000800197a                HAL_SYSTICK_Config
 *fill*         0x0000000008001992        0x2 
 .text.HAL_DMA_Init
                0x0000000008001994      0x15c ./Drivers/STM32F4xx_HAL_Driver/Src/stm32f4xx_hal_dma.o
                0x0000000008001994                HAL_DMA_Init
 .text.HAL_DMA_Start_IT
                0x0000000008001af0       0xb0 ./Drivers/STM32F4xx_HAL_Driver/Src/stm32f4xx_hal_dma.o
                0x0000000008001af0                HAL_DMA_Start_IT
 .text.HAL_DMA_Abort
                0x0000000008001ba0       0xe0 ./Drivers/STM32F4xx_HAL_Driver/Src/stm32f4xx_hal_dma.o
                0x0000000008001ba0                HAL_DMA_Abort
 .text.HAL_DMA_IRQHandler
                0x0000000008001c80      0x314 ./Drivers/STM32F4xx_HAL_Driver/Src/stm32f4xx_hal_dma.o
                0x0000000008001c80                HAL_DMA_IRQHandler
 .text.DMA_SetConfig
                0x0000000008001f94       0x5c ./Drivers/STM32F4xx_HAL_Driver/Src/stm32f4xx_hal_dma.o
 .text.DMA_CalcBaseAndBitshift
                0x0000000008001ff0       0x6c ./Drivers/STM32F4xx_HAL_Driver/Src/stm32f4xx_hal_dma.o
 .text.DMA_CheckFifoParam
                0x000000000800205c       0xf8 ./Drivers/STM32F4xx_HAL_Driver/Src/stm32f4xx_hal_dma.o
 .text.HAL_GPIO_Init
                0x0000000008002154      0x338 ./Drivers/STM32F4xx_HAL_Driver/Src/stm32f4xx_hal_gpio.o
                0x0000000008002154                HAL_GPIO_Init
 .text.HAL_GPIO_ReadPin
                0x000000000800248c       0x30 ./Drivers/STM32F4xx_HAL_Driver/Src/stm32f4xx_hal_gpio.o
                0x000000000800248c                HAL_GPIO_ReadPin
 .text.HAL_GPIO_WritePin
                0x00000000080024bc       0x32 ./Drivers/STM32F4xx_HAL_Driver/Src/stm32f4xx_hal_gpio.o
                0x00000000080024bc                HAL_GPIO_WritePin
 .text.HAL_HCD_Init
                0x00000000080024ee       0xc4 ./Drivers/STM32F4xx_HAL_Driver/Src/stm32f4xx_hal_hcd.o
                0x00000000080024ee                HAL_HCD_Init
 .text.HAL_HCD_HC_Init
                0x00000000080025b2      0x11e ./Drivers/STM32F4xx_HAL_Driver/Src/stm32f4xx_hal_hcd.o
                0x00000000080025b2                HAL_HCD_HC_Init
 .text.HAL_HCD_HC_Halt
                0x00000000080026d0       0x46 ./Drivers/STM32F4xx_HAL_Driver/Src/stm32f4xx_hal_hcd.o
                0x00000000080026d0                HAL_HCD_HC_Halt
 *fill*         0x0000000008002716        0x2 
 .text.HAL_HCD_HC_SubmitRequest
                0x0000000008002718      0x2ac ./Drivers/STM32F4xx_HAL_Driver/Src/stm32f4xx_hal_hcd.o
                0x0000000008002718                HAL_HCD_HC_SubmitRequest
 .text.HAL_HCD_IRQHandler
                0x00000000080029c4      0x216 ./Drivers/STM32F4xx_HAL_Driver/Src/stm32f4xx_hal_hcd.o
                0x00000000080029c4                HAL_HCD_IRQHandler
 .text.HAL_HCD_Start
                0x0000000008002bda       0x46 ./Drivers/STM32F4xx_HAL_Driver/Src/stm32f4xx_hal_hcd.o
                0x0000000008002bda                HAL_HCD_Start
 .text.HAL_HCD_Stop
                0x0000000008002c20       0x3a ./Drivers/STM32F4xx_HAL_Driver/Src/stm32f4xx_hal_hcd.o
                0x0000000008002c20                HAL_HCD_Stop
 .text.HAL_HCD_ResetPort
                0x0000000008002c5a       0x1c ./Drivers/STM32F4xx_HAL_Driver/Src/stm32f4xx_hal_hcd.o
                0x0000000008002c5a                HAL_HCD_ResetPort
 .text.HAL_HCD_HC_GetURBState
                0x0000000008002c76       0x28 ./Drivers/STM32F4xx_HAL_Driver/Src/stm32f4xx_hal_hcd.o
                0x0000000008002c76                HAL_HCD_HC_GetURBState
 .text.HAL_HCD_HC_GetXferCount
                0x0000000008002c9e       0x28 ./Drivers/STM32F4xx_HAL_Driver/Src/stm32f4xx_hal_hcd.o
                0x0000000008002c9e                HAL_HCD_HC_GetXferCount
 .text.HAL_HCD_GetCurrentFrame
                0x0000000008002cc6       0x1c ./Drivers/STM32F4xx_HAL_Driver/Src/stm32f4xx_hal_hcd.o
                0x0000000008002cc6                HAL_HCD_GetCurrentFrame
 .text.HAL_HCD_GetCurrentSpeed
                0x0000000008002ce2       0x1c ./Drivers/STM32F4xx_HAL_Driver/Src/stm32f4xx_hal_hcd.o
                0x0000000008002ce2                HAL_HCD_GetCurrentSpeed
 .text.HCD_HC_IN_IRQHandler
                0x0000000008002cfe      0x6aa ./Drivers/STM32F4xx_HAL_Driver/Src/stm32f4xx_hal_hcd.o
 .text.HCD_HC_OUT_IRQHandler
                0x00000000080033a8      0x6d2 ./Drivers/STM32F4xx_HAL_Driver/Src/stm32f4xx_hal_hcd.o
 .text.HCD_RXQLVL_IRQHandler
                0x0000000008003a7a      0x1a4 ./Drivers/STM32F4xx_HAL_Driver/Src/stm32f4xx_hal_hcd.o
 .text.HCD_Port_IRQHandler
                0x0000000008003c1e       0xe6 ./Drivers/STM32F4xx_HAL_Driver/Src/stm32f4xx_hal_hcd.o
 .text.HAL_I2C_Init
                0x0000000008003d04      0x288 ./Drivers/STM32F4xx_HAL_Driver/Src/stm32f4xx_hal_i2c.o
                0x0000000008003d04                HAL_I2C_Init
 .text.HAL_I2C_Master_Transmit
                0x0000000008003f8c      0x1fc ./Drivers/STM32F4xx_HAL_Driver/Src/stm32f4xx_hal_i2c.o
                0x0000000008003f8c                HAL_I2C_Master_Transmit
 .text.HAL_I2C_Master_Receive
                0x0000000008004188      0x44c ./Drivers/STM32F4xx_HAL_Driver/Src/stm32f4xx_hal_i2c.o
                0x0000000008004188                HAL_I2C_Master_Receive
 .text.HAL_I2C_Mem_Write
                0x00000000080045d4      0x1f4 ./Drivers/STM32F4xx_HAL_Driver/Src/stm32f4xx_hal_i2c.o
                0x00000000080045d4                HAL_I2C_Mem_Write
 .text.HAL_I2C_Mem_Read
                0x00000000080047c8      0x44c ./Drivers/STM32F4xx_HAL_Driver/Src/stm32f4xx_hal_i2c.o
                0x00000000080047c8                HAL_I2C_Mem_Read
 .text.I2C_MasterRequestWrite
                0x0000000008004c14      0x104 ./Drivers/STM32F4xx_HAL_Driver/Src/stm32f4xx_hal_i2c.o
 .text.I2C_MasterRequestRead
                0x0000000008004d18      0x19c ./Drivers/STM32F4xx_HAL_Driver/Src/stm32f4xx_hal_i2c.o
 .text.I2C_RequestMemoryWrite
                0x0000000008004eb4      0x12c ./Drivers/STM32F4xx_HAL_Driver/Src/stm32f4xx_hal_i2c.o
 .text.I2C_RequestMemoryRead
                0x0000000008004fe0      0x1d0 ./Drivers/STM32F4xx_HAL_Driver/Src/stm32f4xx_hal_i2c.o
 .text.I2C_WaitOnFlagUntilTimeout
                0x00000000080051b0       0xae ./Drivers/STM32F4xx_HAL_Driver/Src/stm32f4xx_hal_i2c.o
 .text.I2C_WaitOnMasterAddressFlagUntilTimeout
                0x000000000800525e       0xfe ./Drivers/STM32F4xx_HAL_Driver/Src/stm32f4xx_hal_i2c.o
 .text.I2C_WaitOnTXEFlagUntilTimeout
                0x000000000800535c       0x82 ./Drivers/STM32F4xx_HAL_Driver/Src/stm32f4xx_hal_i2c.o
 .text.I2C_WaitOnBTFFlagUntilTimeout
                0x00000000080053de       0x82 ./Drivers/STM32F4xx_HAL_Driver/Src/stm32f4xx_hal_i2c.o
 .text.I2C_WaitOnRXNEFlagUntilTimeout
                0x0000000008005460       0xac ./Drivers/STM32F4xx_HAL_Driver/Src/stm32f4xx_hal_i2c.o
 .text.I2C_IsAcknowledgeFailed
                0x000000000800550c       0x5e ./Drivers/STM32F4xx_HAL_Driver/Src/stm32f4xx_hal_i2c.o
 *fill*         0x000000000800556a        0x2 
 .text.HAL_I2S_Init
                0x000000000800556c      0x280 ./Drivers/STM32F4xx_HAL_Driver/Src/stm32f4xx_hal_i2s.o
                0x000000000800556c                HAL_I2S_Init
 .text.HAL_I2S_Transmit_DMA
                0x00000000080057ec      0x150 ./Drivers/STM32F4xx_HAL_Driver/Src/stm32f4xx_hal_i2s.o
                0x00000000080057ec                HAL_I2S_Transmit_DMA
 .text.HAL_I2S_DMAPause
                0x000000000800593c       0xc4 ./Drivers/STM32F4xx_HAL_Driver/Src/stm32f4xx_hal_i2s.o
                0x000000000800593c                HAL_I2S_DMAPause
 .text.HAL_I2S_DMAResume
                0x0000000008005a00      0x128 ./Drivers/STM32F4xx_HAL_Driver/Src/stm32f4xx_hal_i2s.o
                0x0000000008005a00                HAL_I2S_DMAResume
 .text.HAL_I2S_DMAStop
                0x0000000008005b28      0x3b4 ./Drivers/STM32F4xx_HAL_Driver/Src/stm32f4xx_hal_i2s.o
                0x0000000008005b28                HAL_I2S_DMAStop
 .text.HAL_I2S_RxCpltCallback
                0x0000000008005edc       0x14 ./Drivers/STM32F4xx_HAL_Driver/Src/stm32f4xx_hal_i2s.o
                0x0000000008005edc                HAL_I2S_RxCpltCallback
 .text.HAL_I2S_ErrorCallback
                0x0000000008005ef0       0x14 ./Drivers/STM32F4xx_HAL_Driver/Src/stm32f4xx_hal_i2s.o
                0x0000000008005ef0                HAL_I2S_ErrorCallback
 .text.I2S_DMATxCplt
                0x0000000008005f04       0x42 ./Drivers/STM32F4xx_HAL_Driver/Src/stm32f4xx_hal_i2s.o
 .text.I2S_DMATxHalfCplt
                0x0000000008005f46       0x1c ./Drivers/STM32F4xx_HAL_Driver/Src/stm32f4xx_hal_i2s.o
 .text.I2S_DMAError
                0x0000000008005f62       0x4c ./Drivers/STM32F4xx_HAL_Driver/Src/stm32f4xx_hal_i2s.o
 .text.I2S_Transmit_IT
                0x0000000008005fae       0x5c ./Drivers/STM32F4xx_HAL_Driver/Src/stm32f4xx_hal_i2s.o
 .text.I2S_Receive_IT
                0x000000000800600a       0x5e ./Drivers/STM32F4xx_HAL_Driver/Src/stm32f4xx_hal_i2s.o
 .text.I2S_IRQHandler
                0x0000000008006068      0x114 ./Drivers/STM32F4xx_HAL_Driver/Src/stm32f4xx_hal_i2s.o
 .text.I2S_WaitFlagStateUntilTimeout
                0x000000000800617c       0x72 ./Drivers/STM32F4xx_HAL_Driver/Src/stm32f4xx_hal_i2s.o
 *fill*         0x00000000080061ee        0x2 
 .text.HAL_I2SEx_FullDuplex_IRQHandler
                0x00000000080061f0      0x2a8 ./Drivers/STM32F4xx_HAL_Driver/Src/stm32f4xx_hal_i2s_ex.o
                0x00000000080061f0                HAL_I2SEx_FullDuplex_IRQHandler
 .text.HAL_I2SEx_TxRxCpltCallback
                0x0000000008006498       0x14 ./Drivers/STM32F4xx_HAL_Driver/Src/stm32f4xx_hal_i2s_ex.o
                0x0000000008006498                HAL_I2SEx_TxRxCpltCallback
 .text.I2SEx_TxISR_I2S
                0x00000000080064ac       0x62 ./Drivers/STM32F4xx_HAL_Driver/Src/stm32f4xx_hal_i2s_ex.o
 *fill*         0x000000000800650e        0x2 
 .text.I2SEx_TxISR_I2SExt
                0x0000000008006510       0x98 ./Drivers/STM32F4xx_HAL_Driver/Src/stm32f4xx_hal_i2s_ex.o
 .text.I2SEx_RxISR_I2S
                0x00000000080065a8       0x64 ./Drivers/STM32F4xx_HAL_Driver/Src/stm32f4xx_hal_i2s_ex.o
 .text.I2SEx_RxISR_I2SExt
                0x000000000800660c       0x98 ./Drivers/STM32F4xx_HAL_Driver/Src/stm32f4xx_hal_i2s_ex.o
 .text.HAL_RCC_OscConfig
                0x00000000080066a4      0x4f0 ./Drivers/STM32F4xx_HAL_Driver/Src/stm32f4xx_hal_rcc.o
                0x00000000080066a4                HAL_RCC_OscConfig
 .text.HAL_RCC_ClockConfig
                0x0000000008006b94      0x1cc ./Drivers/STM32F4xx_HAL_Driver/Src/stm32f4xx_hal_rcc.o
                0x0000000008006b94                HAL_RCC_ClockConfig
 .text.HAL_RCC_GetSysClockFreq
                0x0000000008006d60      0x20c ./Drivers/STM32F4xx_HAL_Driver/Src/stm32f4xx_hal_rcc.o
                0x0000000008006d60                HAL_RCC_GetSysClockFreq
 .text.HAL_RCC_GetHCLKFreq
                0x0000000008006f6c       0x18 ./Drivers/STM32F4xx_HAL_Driver/Src/stm32f4xx_hal_rcc.o
                0x0000000008006f6c                HAL_RCC_GetHCLKFreq
 .text.HAL_RCC_GetPCLK1Freq
                0x0000000008006f84       0x28 ./Drivers/STM32F4xx_HAL_Driver/Src/stm32f4xx_hal_rcc.o
                0x0000000008006f84                HAL_RCC_GetPCLK1Freq
 .text.HAL_RCCEx_PeriphCLKConfig
                0x0000000008006fac      0x1c4 ./Drivers/STM32F4xx_HAL_Driver/Src/stm32f4xx_hal_rcc_ex.o
                0x0000000008006fac                HAL_RCCEx_PeriphCLKConfig
 .text.HAL_RCCEx_GetPeriphCLKConfig
                0x0000000008007170       0x58 ./Drivers/STM32F4xx_HAL_Driver/Src/stm32f4xx_hal_rcc_ex.o
                0x0000000008007170                HAL_RCCEx_GetPeriphCLKConfig
 .text.HAL_RCCEx_GetPeriphCLKFreq
                0x00000000080071c8       0xbc ./Drivers/STM32F4xx_HAL_Driver/Src/stm32f4xx_hal_rcc_ex.o
                0x00000000080071c8                HAL_RCCEx_GetPeriphCLKFreq
 .text.USB_CoreInit
                0x0000000008007284       0xc2 ./Drivers/STM32F4xx_HAL_Driver/Src/stm32f4xx_ll_usb.o
                0x0000000008007284                USB_CoreInit
 .text.USB_EnableGlobalInt
                0x0000000008007346       0x22 ./Drivers/STM32F4xx_HAL_Driver/Src/stm32f4xx_ll_usb.o
                0x0000000008007346                USB_EnableGlobalInt
 .text.USB_DisableGlobalInt
                0x0000000008007368       0x22 ./Drivers/STM32F4xx_HAL_Driver/Src/stm32f4xx_ll_usb.o
                0x0000000008007368                USB_DisableGlobalInt
 .text.USB_SetCurrentMode
                0x000000000800738a       0x98 ./Drivers/STM32F4xx_HAL_Driver/Src/stm32f4xx_ll_usb.o
                0x000000000800738a                USB_SetCurrentMode
 *fill*         0x0000000008007422        0x2 
 .text.USB_FlushTxFifo
                0x0000000008007424       0x68 ./Drivers/STM32F4xx_HAL_Driver/Src/stm32f4xx_ll_usb.o
                0x0000000008007424                USB_FlushTxFifo
 .text.USB_FlushRxFifo
                0x000000000800748c       0x60 ./Drivers/STM32F4xx_HAL_Driver/Src/stm32f4xx_ll_usb.o
                0x000000000800748c                USB_FlushRxFifo
 .text.USB_WritePacket
                0x00000000080074ec       0x7c ./Drivers/STM32F4xx_HAL_Driver/Src/stm32f4xx_ll_usb.o
                0x00000000080074ec                USB_WritePacket
 .text.USB_ReadPacket
                0x0000000008007568       0xb0 ./Drivers/STM32F4xx_HAL_Driver/Src/stm32f4xx_ll_usb.o
                0x0000000008007568                USB_ReadPacket
 .text.USB_ReadInterrupts
                0x0000000008007618       0x26 ./Drivers/STM32F4xx_HAL_Driver/Src/stm32f4xx_ll_usb.o
                0x0000000008007618                USB_ReadInterrupts
 .text.USB_GetMode
                0x000000000800763e       0x1c ./Drivers/STM32F4xx_HAL_Driver/Src/stm32f4xx_ll_usb.o
                0x000000000800763e                USB_GetMode
 *fill*         0x000000000800765a        0x2 
 .text.USB_CoreReset
                0x000000000800765c       0x68 ./Drivers/STM32F4xx_HAL_Driver/Src/stm32f4xx_ll_usb.o
 .text.USB_HostInit
                0x00000000080076c4      0x180 ./Drivers/STM32F4xx_HAL_Driver/Src/stm32f4xx_ll_usb.o
                0x00000000080076c4                USB_HostInit
 .text.USB_InitFSLSPClkSel
                0x0000000008007844       0x74 ./Drivers/STM32F4xx_HAL_Driver/Src/stm32f4xx_ll_usb.o
                0x0000000008007844                USB_InitFSLSPClkSel
 .text.USB_ResetPort
                0x00000000080078b8       0x54 ./Drivers/STM32F4xx_HAL_Driver/Src/stm32f4xx_ll_usb.o
                0x00000000080078b8                USB_ResetPort
 .text.USB_DriveVbus
                0x000000000800790c       0x72 ./Drivers/STM32F4xx_HAL_Driver/Src/stm32f4xx_ll_usb.o
                0x000000000800790c                USB_DriveVbus
 .text.USB_GetHostSpeed
                0x000000000800797e       0x2e ./Drivers/STM32F4xx_HAL_Driver/Src/stm32f4xx_ll_usb.o
                0x000000000800797e                USB_GetHostSpeed
 .text.USB_GetCurrentFrame
                0x00000000080079ac       0x22 ./Drivers/STM32F4xx_HAL_Driver/Src/stm32f4xx_ll_usb.o
                0x00000000080079ac                USB_GetCurrentFrame
 *fill*         0x00000000080079ce        0x2 
 .text.USB_HC_Init
                0x00000000080079d0      0x244 ./Drivers/STM32F4xx_HAL_Driver/Src/stm32f4xx_ll_usb.o
                0x00000000080079d0                USB_HC_Init
 .text.USB_HC_StartXfer
                0x0000000008007c14      0x284 ./Drivers/STM32F4xx_HAL_Driver/Src/stm32f4xx_ll_usb.o
                0x0000000008007c14                USB_HC_StartXfer
 .text.USB_HC_ReadInterrupt
                0x0000000008007e98       0x22 ./Drivers/STM32F4xx_HAL_Driver/Src/stm32f4xx_ll_usb.o
                0x0000000008007e98                USB_HC_ReadInterrupt
 .text.USB_HC_Halt
                0x0000000008007eba      0x1f8 ./Drivers/STM32F4xx_HAL_Driver/Src/stm32f4xx_ll_usb.o
                0x0000000008007eba                USB_HC_Halt
 *fill*         0x00000000080080b2        0x2 
 .text.USB_DoPing
                0x00000000080080b4       0x78 ./Drivers/STM32F4xx_HAL_Driver/Src/stm32f4xx_ll_usb.o
                0x00000000080080b4                USB_DoPing
 .text.USB_StopHost
                0x000000000800812c      0x124 ./Drivers/STM32F4xx_HAL_Driver/Src/stm32f4xx_ll_usb.o
                0x000000000800812c                USB_StopHost
 .text.MX_FATFS_Init
                0x0000000008008250       0x24 ./FATFS/App/fatfs.o
                0x0000000008008250                MX_FATFS_Init
 .text.get_fattime
                0x0000000008008274       0x10 ./FATFS/App/fatfs.o
                0x0000000008008274                get_fattime
 .text.USBH_initialize
                0x0000000008008284       0x18 ./FATFS/Target/usbh_diskio.o
                0x0000000008008284                USBH_initialize
 .text.USBH_status
                0x000000000800829c       0x38 ./FATFS/Target/usbh_diskio.o
                0x000000000800829c                USBH_status
 .text.USBH_read
                0x00000000080082d4       0x74 ./FATFS/Target/usbh_diskio.o
                0x00000000080082d4                USBH_read
 .text.USBH_write
                0x0000000008008348       0x84 ./FATFS/Target/usbh_diskio.o
                0x0000000008008348                USBH_write
 .text.USBH_ioctl
                0x00000000080083cc       0xd8 ./FATFS/Target/usbh_diskio.o
                0x00000000080083cc                USBH_ioctl
 .text.USBH_MSC_InterfaceInit
                0x00000000080084a4      0x244 ./Middlewares/ST/STM32_USB_Host_Library/Class/MSC/Src/usbh_msc.o
 .text.USBH_MSC_InterfaceDeInit
                0x00000000080086e8       0x8c ./Middlewares/ST/STM32_USB_Host_Library/Class/MSC/Src/usbh_msc.o
 .text.USBH_MSC_ClassRequest
                0x0000000008008774       0xce ./Middlewares/ST/STM32_USB_Host_Library/Class/MSC/Src/usbh_msc.o
 *fill*         0x0000000008008842        0x2 
 .text.USBH_MSC_Process
                0x0000000008008844      0x520 ./Middlewares/ST/STM32_USB_Host_Library/Class/MSC/Src/usbh_msc.o
 .text.USBH_MSC_SOFProcess
                0x0000000008008d64       0x16 ./Middlewares/ST/STM32_USB_Host_Library/Class/MSC/Src/usbh_msc.o
 .text.USBH_MSC_RdWrProcess
                0x0000000008008d7a      0x19e ./Middlewares/ST/STM32_USB_Host_Library/Class/MSC/Src/usbh_msc.o
 .text.USBH_MSC_UnitIsReady
                0x0000000008008f18       0x4c ./Middlewares/ST/STM32_USB_Host_Library/Class/MSC/Src/usbh_msc.o
                0x0000000008008f18                USBH_MSC_UnitIsReady
 .text.USBH_MSC_GetLUNInfo
                0x0000000008008f64       0x48 ./Middlewares/ST/STM32_USB_Host_Library/Class/MSC/Src/usbh_msc.o
                0x0000000008008f64                USBH_MSC_GetLUNInfo
 .text.USBH_MSC_Read
                0x0000000008008fac       0xd2 ./Middlewares/ST/STM32_USB_Host_Library/Class/MSC/Src/usbh_msc.o
                0x0000000008008fac                USBH_MSC_Read
 .text.USBH_MSC_Write
                0x000000000800907e       0xd2 ./Middlewares/ST/STM32_USB_Host_Library/Class/MSC/Src/usbh_msc.o
                0x000000000800907e                USBH_MSC_Write
 .text.USBH_MSC_BOT_REQ_Reset
                0x0000000008009150       0x3a ./Middlewares/ST/STM32_USB_Host_Library/Class/MSC/Src/usbh_msc_bot.o
                0x0000000008009150                USBH_MSC_BOT_REQ_Reset
 .text.USBH_MSC_BOT_REQ_GetMaxLUN
                0x000000000800918a       0x3c ./Middlewares/ST/STM32_USB_Host_Library/Class/MSC/Src/usbh_msc_bot.o
                0x000000000800918a                USBH_MSC_BOT_REQ_GetMaxLUN
 *fill*         0x00000000080091c6        0x2 
 .text.USBH_MSC_BOT_Init
                0x00000000080091c8       0x44 ./Middlewares/ST/STM32_USB_Host_Library/Class/MSC/Src/usbh_msc_bot.o
                0x00000000080091c8                USBH_MSC_BOT_Init
 .text.USBH_MSC_BOT_Process
                0x000000000800920c      0x39c ./Middlewares/ST/STM32_USB_Host_Library/Class/MSC/Src/usbh_msc_bot.o
                0x000000000800920c                USBH_MSC_BOT_Process
 .text.USBH_MSC_BOT_Abort
                0x00000000080095a8       0x58 ./Middlewares/ST/STM32_USB_Host_Library/Class/MSC/Src/usbh_msc_bot.o
 .text.USBH_MSC_DecodeCSW
                0x0000000008009600       0x88 ./Middlewares/ST/STM32_USB_Host_Library/Class/MSC/Src/usbh_msc_bot.o
 .text.USBH_MSC_SCSI_TestUnitReady
                0x0000000008009688       0x86 ./Middlewares/ST/STM32_USB_Host_Library/Class/MSC/Src/usbh_msc_scsi.o
                0x0000000008009688                USBH_MSC_SCSI_TestUnitReady
 .text.USBH_MSC_SCSI_ReadCapacity
                0x000000000800970e       0xf6 ./Middlewares/ST/STM32_USB_Host_Library/Class/MSC/Src/usbh_msc_scsi.o
                0x000000000800970e                USBH_MSC_SCSI_ReadCapacity
 .text.USBH_MSC_SCSI_Inquiry
                0x0000000008009804      0x14a ./Middlewares/ST/STM32_USB_Host_Library/Class/MSC/Src/usbh_msc_scsi.o
                0x0000000008009804                USBH_MSC_SCSI_Inquiry
 .text.USBH_MSC_SCSI_RequestSense
                0x000000000800994e       0xf2 ./Middlewares/ST/STM32_USB_Host_Library/Class/MSC/Src/usbh_msc_scsi.o
                0x000000000800994e                USBH_MSC_SCSI_RequestSense
 .text.USBH_MSC_SCSI_Write
                0x0000000008009a40       0xd6 ./Middlewares/ST/STM32_USB_Host_Library/Class/MSC/Src/usbh_msc_scsi.o
                0x0000000008009a40                USBH_MSC_SCSI_Write
 .text.USBH_MSC_SCSI_Read
                0x0000000008009b16       0xd6 ./Middlewares/ST/STM32_USB_Host_Library/Class/MSC/Src/usbh_msc_scsi.o
                0x0000000008009b16                USBH_MSC_SCSI_Read
 .text.USBH_Init
                0x0000000008009bec       0x74 ./Middlewares/ST/STM32_USB_Host_Library/Core/Src/usbh_core.o
                0x0000000008009bec                USBH_Init
 .text.DeInitStateMachine
                0x0000000008009c60       0xa8 ./Middlewares/ST/STM32_USB_Host_Library/Core/Src/usbh_core.o
 .text.USBH_RegisterClass
                0x0000000008009d08       0x54 ./Middlewares/ST/STM32_USB_Host_Library/Core/Src/usbh_core.o
                0x0000000008009d08                USBH_RegisterClass
 .text.USBH_SelectInterface
                0x0000000008009d5c       0x38 ./Middlewares/ST/STM32_USB_Host_Library/Core/Src/usbh_core.o
                0x0000000008009d5c                USBH_SelectInterface
 .text.USBH_FindInterface
                0x0000000008009d94       0x8c ./Middlewares/ST/STM32_USB_Host_Library/Core/Src/usbh_core.o
                0x0000000008009d94                USBH_FindInterface
 .text.USBH_Start
                0x0000000008009e20       0x20 ./Middlewares/ST/STM32_USB_Host_Library/Core/Src/usbh_core.o
                0x0000000008009e20                USBH_Start
 .text.USBH_Process
                0x0000000008009e40      0x3d8 ./Middlewares/ST/STM32_USB_Host_Library/Core/Src/usbh_core.o
                0x0000000008009e40                USBH_Process
 .text.USBH_HandleEnum
                0x000000000800a218      0x3c8 ./Middlewares/ST/STM32_USB_Host_Library/Core/Src/usbh_core.o
 .text.USBH_LL_SetTimer
                0x000000000800a5e0       0x1e ./Middlewares/ST/STM32_USB_Host_Library/Core/Src/usbh_core.o
                0x000000000800a5e0                USBH_LL_SetTimer
 .text.USBH_LL_IncTimer
                0x000000000800a5fe       0x24 ./Middlewares/ST/STM32_USB_Host_Library/Core/Src/usbh_core.o
                0x000000000800a5fe                USBH_LL_IncTimer
 .text.USBH_HandleSof
                0x000000000800a622       0x30 ./Middlewares/ST/STM32_USB_Host_Library/Core/Src/usbh_core.o
 .text.USBH_LL_PortEnabled
                0x000000000800a652       0x1c ./Middlewares/ST/STM32_USB_Host_Library/Core/Src/usbh_core.o
                0x000000000800a652                USBH_LL_PortEnabled
 .text.USBH_LL_PortDisabled
                0x000000000800a66e       0x1c ./Middlewares/ST/STM32_USB_Host_Library/Core/Src/usbh_core.o
                0x000000000800a66e                USBH_LL_PortDisabled
 .text.USBH_LL_Connect
                0x000000000800a68a       0x2e ./Middlewares/ST/STM32_USB_Host_Library/Core/Src/usbh_core.o
                0x000000000800a68a                USBH_LL_Connect
 .text.USBH_LL_Disconnect
                0x000000000800a6b8       0x48 ./Middlewares/ST/STM32_USB_Host_Library/Core/Src/usbh_core.o
                0x000000000800a6b8                USBH_LL_Disconnect
 .text.USBH_Get_DevDesc
                0x000000000800a700       0x50 ./Middlewares/ST/STM32_USB_Host_Library/Core/Src/usbh_ctlreq.o
                0x000000000800a700                USBH_Get_DevDesc
 .text.USBH_Get_CfgDesc
                0x000000000800a750       0x48 ./Middlewares/ST/STM32_USB_Host_Library/Core/Src/usbh_ctlreq.o
                0x000000000800a750                USBH_Get_CfgDesc
 .text.USBH_Get_StringDesc
                0x000000000800a798       0x56 ./Middlewares/ST/STM32_USB_Host_Library/Core/Src/usbh_ctlreq.o
                0x000000000800a798                USBH_Get_StringDesc
 .text.USBH_GetDescriptor
                0x000000000800a7ee       0x6a ./Middlewares/ST/STM32_USB_Host_Library/Core/Src/usbh_ctlreq.o
                0x000000000800a7ee                USBH_GetDescriptor
 .text.USBH_SetAddress
                0x000000000800a858       0x48 ./Middlewares/ST/STM32_USB_Host_Library/Core/Src/usbh_ctlreq.o
                0x000000000800a858                USBH_SetAddress
 .text.USBH_SetCfg
                0x000000000800a8a0       0x46 ./Middlewares/ST/STM32_USB_Host_Library/Core/Src/usbh_ctlreq.o
                0x000000000800a8a0                USBH_SetCfg
 .text.USBH_SetFeature
                0x000000000800a8e6       0x48 ./Middlewares/ST/STM32_USB_Host_Library/Core/Src/usbh_ctlreq.o
                0x000000000800a8e6                USBH_SetFeature
 .text.USBH_ClrFeature
                0x000000000800a92e       0x48 ./Middlewares/ST/STM32_USB_Host_Library/Core/Src/usbh_ctlreq.o
                0x000000000800a92e                USBH_ClrFeature
 .text.USBH_ParseDevDesc
                0x000000000800a976      0x122 ./Middlewares/ST/STM32_USB_Host_Library/Core/Src/usbh_ctlreq.o
 .text.USBH_ParseCfgDesc
                0x000000000800aa98      0x1ec ./Middlewares/ST/STM32_USB_Host_Library/Core/Src/usbh_ctlreq.o
 .text.USBH_ParseInterfaceDesc
                0x000000000800ac84       0x5e ./Middlewares/ST/STM32_USB_Host_Library/Core/Src/usbh_ctlreq.o
 .text.USBH_ParseEPDesc
                0x000000000800ace2      0x14a ./Middlewares/ST/STM32_USB_Host_Library/Core/Src/usbh_ctlreq.o
 .text.USBH_ParseStringDesc
                0x000000000800ae2c       0x66 ./Middlewares/ST/STM32_USB_Host_Library/Core/Src/usbh_ctlreq.o
 .text.USBH_GetNextDesc
                0x000000000800ae92       0x36 ./Middlewares/ST/STM32_USB_Host_Library/Core/Src/usbh_ctlreq.o
                0x000000000800ae92                USBH_GetNextDesc
 .text.USBH_CtlReq
                0x000000000800aec8       0x7a ./Middlewares/ST/STM32_USB_Host_Library/Core/Src/usbh_ctlreq.o
                0x000000000800aec8                USBH_CtlReq
 *fill*         0x000000000800af42        0x2 
 .text.USBH_HandleControl
                0x000000000800af44      0x2e8 ./Middlewares/ST/STM32_USB_Host_Library/Core/Src/usbh_ctlreq.o
 .text.USBH_CtlSendSetup
                0x000000000800b22c       0x34 ./Middlewares/ST/STM32_USB_Host_Library/Core/Src/usbh_ioreq.o
                0x000000000800b22c                USBH_CtlSendSetup
 .text.USBH_CtlSendData
                0x000000000800b260       0x4a ./Middlewares/ST/STM32_USB_Host_Library/Core/Src/usbh_ioreq.o
                0x000000000800b260                USBH_CtlSendData
 .text.USBH_CtlReceiveData
                0x000000000800b2aa       0x3c ./Middlewares/ST/STM32_USB_Host_Library/Core/Src/usbh_ioreq.o
                0x000000000800b2aa                USBH_CtlReceiveData
 .text.USBH_BulkSendData
                0x000000000800b2e6       0x4a ./Middlewares/ST/STM32_USB_Host_Library/Core/Src/usbh_ioreq.o
                0x000000000800b2e6                USBH_BulkSendData
 .text.USBH_BulkReceiveData
                0x000000000800b330       0x3c ./Middlewares/ST/STM32_USB_Host_Library/Core/Src/usbh_ioreq.o
                0x000000000800b330                USBH_BulkReceiveData
 .text.USBH_OpenPipe
                0x000000000800b36c       0x3e ./Middlewares/ST/STM32_USB_Host_Library/Core/Src/usbh_pipes.o
                0x000000000800b36c                USBH_OpenPipe
 .text.USBH_ClosePipe
                0x000000000800b3aa       0x20 ./Middlewares/ST/STM32_USB_Host_Library/Core/Src/usbh_pipes.o
                0x000000000800b3aa                USBH_ClosePipe
 .text.USBH_AllocPipe
                0x000000000800b3ca       0x42 ./Middlewares/ST/STM32_USB_Host_Library/Core/Src/usbh_pipes.o
                0x000000000800b3ca                USBH_AllocPipe
 .text.USBH_FreePipe
                0x000000000800b40c       0x3c ./Middlewares/ST/STM32_USB_Host_Library/Core/Src/usbh_pipes.o
                0x000000000800b40c                USBH_FreePipe
 .text.USBH_GetFreePipe
                0x000000000800b448       0x48 ./Middlewares/ST/STM32_USB_Host_Library/Core/Src/usbh_pipes.o
 .text.disk_status
                0x000000000800b490       0x34 ./Middlewares/Third_Party/FatFs/src/diskio.o
                0x000000000800b490                disk_status
 .text.disk_initialize
                0x000000000800b4c4       0x4c ./Middlewares/Third_Party/FatFs/src/diskio.o
                0x000000000800b4c4                disk_initialize
 .text.disk_read
                0x000000000800b510       0x40 ./Middlewares/Third_Party/FatFs/src/diskio.o
                0x000000000800b510                disk_read
 .text.disk_write
                0x000000000800b550       0x40 ./Middlewares/Third_Party/FatFs/src/diskio.o
                0x000000000800b550                disk_write
 .text.disk_ioctl
                0x000000000800b590       0x3c ./Middlewares/Third_Party/FatFs/src/diskio.o
                0x000000000800b590                disk_ioctl
 .text.ld_word  0x000000000800b5cc       0x30 ./Middlewares/Third_Party/FatFs/src/ff.o
 .text.ld_dword
                0x000000000800b5fc       0x46 ./Middlewares/Third_Party/FatFs/src/ff.o
 .text.st_word  0x000000000800b642       0x36 ./Middlewares/Third_Party/FatFs/src/ff.o
 .text.st_dword
                0x000000000800b678       0x58 ./Middlewares/Third_Party/FatFs/src/ff.o
 .text.mem_cpy  0x000000000800b6d0       0x42 ./Middlewares/Third_Party/FatFs/src/ff.o
 .text.mem_set  0x000000000800b712       0x36 ./Middlewares/Third_Party/FatFs/src/ff.o
 .text.mem_cmp  0x000000000800b748       0x4e ./Middlewares/Third_Party/FatFs/src/ff.o
 .text.chk_chr  0x000000000800b796       0x36 ./Middlewares/Third_Party/FatFs/src/ff.o
 .text.chk_lock
                0x000000000800b7cc       0xb8 ./Middlewares/Third_Party/FatFs/src/ff.o
 .text.enq_lock
                0x000000000800b884       0x44 ./Middlewares/Third_Party/FatFs/src/ff.o
 .text.inc_lock
                0x000000000800b8c8      0x11c ./Middlewares/Third_Party/FatFs/src/ff.o
 .text.dec_lock
                0x000000000800b9e4       0x78 ./Middlewares/Third_Party/FatFs/src/ff.o
 .text.clear_lock
                0x000000000800ba5c       0x48 ./Middlewares/Third_Party/FatFs/src/ff.o
 .text.sync_window
                0x000000000800baa4       0x88 ./Middlewares/Third_Party/FatFs/src/ff.o
 .text.move_window
                0x000000000800bb2c       0x5a ./Middlewares/Third_Party/FatFs/src/ff.o
 *fill*         0x000000000800bb86        0x2 
 .text.sync_fs  0x000000000800bb88       0xdc ./Middlewares/Third_Party/FatFs/src/ff.o
 .text.clust2sect
                0x000000000800bc64       0x3e ./Middlewares/Third_Party/FatFs/src/ff.o
 .text.get_fat  0x000000000800bca2      0x150 ./Middlewares/Third_Party/FatFs/src/ff.o
 .text.put_fat  0x000000000800bdf2      0x1d8 ./Middlewares/Third_Party/FatFs/src/ff.o
 .text.remove_chain
                0x000000000800bfca       0xca ./Middlewares/Third_Party/FatFs/src/ff.o
 .text.create_chain
                0x000000000800c094      0x130 ./Middlewares/Third_Party/FatFs/src/ff.o
 .text.clmt_clust
                0x000000000800c1c4       0x68 ./Middlewares/Third_Party/FatFs/src/ff.o
 .text.dir_sdi  0x000000000800c22c       0xf6 ./Middlewares/Third_Party/FatFs/src/ff.o
 .text.dir_next
                0x000000000800c322      0x18a ./Middlewares/Third_Party/FatFs/src/ff.o
 .text.dir_alloc
                0x000000000800c4ac       0x8e ./Middlewares/Third_Party/FatFs/src/ff.o
 .text.ld_clust
                0x000000000800c53a       0x3e ./Middlewares/Third_Party/FatFs/src/ff.o
 .text.st_clust
                0x000000000800c578       0x40 ./Middlewares/Third_Party/FatFs/src/ff.o
 .text.dir_find
                0x000000000800c5b8       0xaa ./Middlewares/Third_Party/FatFs/src/ff.o
 .text.dir_register
                0x000000000800c662       0x64 ./Middlewares/Third_Party/FatFs/src/ff.o
 *fill*         0x000000000800c6c6        0x2 
 .text.create_name
                0x000000000800c6c8      0x128 ./Middlewares/Third_Party/FatFs/src/ff.o
 .text.follow_path
                0x000000000800c7f0       0xe2 ./Middlewares/Third_Party/FatFs/src/ff.o
 .text.get_ldnumber
                0x000000000800c8d2       0x88 ./Middlewares/Third_Party/FatFs/src/ff.o
 *fill*         0x000000000800c95a        0x2 
 .text.check_fs
                0x000000000800c95c       0xac ./Middlewares/Third_Party/FatFs/src/ff.o
 .text.find_volume
                0x000000000800ca08      0x498 ./Middlewares/Third_Party/FatFs/src/ff.o
 .text.validate
                0x000000000800cea0       0x6a ./Middlewares/Third_Party/FatFs/src/ff.o
 *fill*         0x000000000800cf0a        0x2 
 .text.f_mount  0x000000000800cf0c       0x8c ./Middlewares/Third_Party/FatFs/src/ff.o
                0x000000000800cf0c                f_mount
 .text.f_open   0x000000000800cf98      0x37c ./Middlewares/Third_Party/FatFs/src/ff.o
                0x000000000800cf98                f_open
 .text.f_read   0x000000000800d314      0x27e ./Middlewares/Third_Party/FatFs/src/ff.o
                0x000000000800d314                f_read
 .text.f_sync   0x000000000800d592       0xfc ./Middlewares/Third_Party/FatFs/src/ff.o
                0x000000000800d592                f_sync
 .text.f_close  0x000000000800d68e       0x54 ./Middlewares/Third_Party/FatFs/src/ff.o
                0x000000000800d68e                f_close
 .text.f_lseek  0x000000000800d6e2      0x412 ./Middlewares/Third_Party/FatFs/src/ff.o
                0x000000000800d6e2                f_lseek
 .text.FATFS_LinkDriverEx
                0x000000000800daf4       0x98 ./Middlewares/Third_Party/FatFs/src/ff_gen_drv.o
                0x000000000800daf4                FATFS_LinkDriverEx
 .text.FATFS_LinkDriver
                0x000000000800db8c       0x1e ./Middlewares/Third_Party/FatFs/src/ff_gen_drv.o
                0x000000000800db8c                FATFS_LinkDriver
 *fill*         0x000000000800dbaa        0x2 
 .text.MX_USB_HOST_Init
                0x000000000800dbac       0x4c ./USB_HOST/App/usb_host.o
                0x000000000800dbac                MX_USB_HOST_Init
 .text.MX_USB_HOST_Process
                0x000000000800dbf8       0x14 ./USB_HOST/App/usb_host.o
                0x000000000800dbf8                MX_USB_HOST_Process
 .text.USBH_UserProcess
                0x000000000800dc0c       0x5c ./USB_HOST/App/usb_host.o
 .text.HAL_HCD_MspInit
                0x000000000800dc68       0xc4 ./USB_HOST/Target/usbh_conf.o
                0x000000000800dc68                HAL_HCD_MspInit
 .text.HAL_HCD_SOF_Callback
                0x000000000800dd2c       0x1c ./USB_HOST/Target/usbh_conf.o
                0x000000000800dd2c                HAL_HCD_SOF_Callback
 .text.HAL_HCD_Connect_Callback
                0x000000000800dd48       0x1c ./USB_HOST/Target/usbh_conf.o
                0x000000000800dd48                HAL_HCD_Connect_Callback
 .text.HAL_HCD_Disconnect_Callback
                0x000000000800dd64       0x1c ./USB_HOST/Target/usbh_conf.o
                0x000000000800dd64                HAL_HCD_Disconnect_Callback
 .text.HAL_HCD_HC_NotifyURBChange_Callback
                0x000000000800dd80       0x1c ./USB_HOST/Target/usbh_conf.o
                0x000000000800dd80                HAL_HCD_HC_NotifyURBChange_Callback
 .text.HAL_HCD_PortEnabled_Callback
                0x000000000800dd9c       0x1c ./USB_HOST/Target/usbh_conf.o
                0x000000000800dd9c                HAL_HCD_PortEnabled_Callback
 .text.HAL_HCD_PortDisabled_Callback
                0x000000000800ddb8       0x1c ./USB_HOST/Target/usbh_conf.o
                0x000000000800ddb8                HAL_HCD_PortDisabled_Callback
 .text.USBH_LL_Init
                0x000000000800ddd4       0x78 ./USB_HOST/Target/usbh_conf.o
                0x000000000800ddd4                USBH_LL_Init
 .text.USBH_LL_Start
                0x000000000800de4c       0x36 ./USB_HOST/Target/usbh_conf.o
                0x000000000800de4c                USBH_LL_Start
 .text.USBH_LL_Stop
                0x000000000800de82       0x36 ./USB_HOST/Target/usbh_conf.o
                0x000000000800de82                USBH_LL_Stop
 .text.USBH_LL_GetSpeed
                0x000000000800deb8       0x4e ./USB_HOST/Target/usbh_conf.o
                0x000000000800deb8                USBH_LL_GetSpeed
 .text.USBH_LL_ResetPort
                0x000000000800df06       0x36 ./USB_HOST/Target/usbh_conf.o
                0x000000000800df06                USBH_LL_ResetPort
 .text.USBH_LL_GetLastXferSize
                0x000000000800df3c       0x26 ./USB_HOST/Target/usbh_conf.o
                0x000000000800df3c                USBH_LL_GetLastXferSize
 .text.USBH_LL_OpenPipe
                0x000000000800df62       0x5e ./USB_HOST/Target/usbh_conf.o
                0x000000000800df62                USBH_LL_OpenPipe
 .text.USBH_LL_ClosePipe
                0x000000000800dfc0       0x3e ./USB_HOST/Target/usbh_conf.o
                0x000000000800dfc0                USBH_LL_ClosePipe
 .text.USBH_LL_SubmitURB
                0x000000000800dffe       0x62 ./USB_HOST/Target/usbh_conf.o
                0x000000000800dffe                USBH_LL_SubmitURB
 .text.USBH_LL_GetURBState
                0x000000000800e060       0x26 ./USB_HOST/Target/usbh_conf.o
                0x000000000800e060                USBH_LL_GetURBState
 .text.USBH_LL_DriverVBUS
                0x000000000800e086       0x2e ./USB_HOST/Target/usbh_conf.o
                0x000000000800e086                USBH_LL_DriverVBUS
 .text.USBH_LL_SetToggle
                0x000000000800e0b4       0x60 ./USB_HOST/Target/usbh_conf.o
                0x000000000800e0b4                USBH_LL_SetToggle
 .text.USBH_LL_GetToggle
                0x000000000800e114       0x60 ./USB_HOST/Target/usbh_conf.o
                0x000000000800e114                USBH_LL_GetToggle
 .text.USBH_Delay
                0x000000000800e174       0x16 ./USB_HOST/Target/usbh_conf.o
                0x000000000800e174                USBH_Delay
 *fill*         0x000000000800e18a        0x2 
 .text.USBH_Get_USB_Status
                0x000000000800e18c       0x58 ./USB_HOST/Target/usbh_conf.o
                0x000000000800e18c                USBH_Get_USB_Status
 .text.MX_DriverVbusFS
                0x000000000800e1e4       0x78 ./USB_HOST/Target/usbh_platform.o
                0x000000000800e1e4                MX_DriverVbusFS
 .text.__errno  0x000000000800e25c        0xc c:/st/stm32cubeide_1.12.1/stm32cubeide/plugins/com.st.stm32cube.ide.mcu.externaltools.gnu-tools-for-stm32.10.3-2021.10.win32_1.0.200.202301161003/tools/bin/../lib/gcc/arm-none-eabi/10.3.1/../../../../arm-none-eabi/lib/thumb/v7e-m+fp/hard\libc_nano.a(lib_a-errno.o)
                0x000000000800e25c                __errno
 .text.__libc_init_array
                0x000000000800e268       0x48 c:/st/stm32cubeide_1.12.1/stm32cubeide/plugins/com.st.stm32cube.ide.mcu.externaltools.gnu-tools-for-stm32.10.3-2021.10.win32_1.0.200.202301161003/tools/bin/../lib/gcc/arm-none-eabi/10.3.1/../../../../arm-none-eabi/lib/thumb/v7e-m+fp/hard\libc_nano.a(lib_a-init.o)
                0x000000000800e268                __libc_init_array
 .text.malloc   0x000000000800e2b0       0x10 c:/st/stm32cubeide_1.12.1/stm32cubeide/plugins/com.st.stm32cube.ide.mcu.externaltools.gnu-tools-for-stm32.10.3-2021.10.win32_1.0.200.202301161003/tools/bin/../lib/gcc/arm-none-eabi/10.3.1/../../../../arm-none-eabi/lib/thumb/v7e-m+fp/hard\libc_nano.a(lib_a-malloc.o)
                0x000000000800e2b0                malloc
 .text.free     0x000000000800e2c0       0x10 c:/st/stm32cubeide_1.12.1/stm32cubeide/plugins/com.st.stm32cube.ide.mcu.externaltools.gnu-tools-for-stm32.10.3-2021.10.win32_1.0.200.202301161003/tools/bin/../lib/gcc/arm-none-eabi/10.3.1/../../../../arm-none-eabi/lib/thumb/v7e-m+fp/hard\libc_nano.a(lib_a-malloc.o)
                0x000000000800e2c0                free
 .text.memcpy   0x000000000800e2d0       0x1c c:/st/stm32cubeide_1.12.1/stm32cubeide/plugins/com.st.stm32cube.ide.mcu.externaltools.gnu-tools-for-stm32.10.3-2021.10.win32_1.0.200.202301161003/tools/bin/../lib/gcc/arm-none-eabi/10.3.1/../../../../arm-none-eabi/lib/thumb/v7e-m+fp/hard\libc_nano.a(lib_a-memcpy-stub.o)
                0x000000000800e2d0                memcpy
 .text.memset   0x000000000800e2ec       0x10 c:/st/stm32cubeide_1.12.1/stm32cubeide/plugins/com.st.stm32cube.ide.mcu.externaltools.gnu-tools-for-stm32.10.3-2021.10.win32_1.0.200.202301161003/tools/bin/../lib/gcc/arm-none-eabi/10.3.1/../../../../arm-none-eabi/lib/thumb/v7e-m+fp/hard\libc_nano.a(lib_a-memset.o)
                0x000000000800e2ec                memset
 .text._free_r  0x000000000800e2fc       0x98 c:/st/stm32cubeide_1.12.1/stm32cubeide/plugins/com.st.stm32cube.ide.mcu.externaltools.gnu-tools-for-stm32.10.3-2021.10.win32_1.0.200.202301161003/tools/bin/../lib/gcc/arm-none-eabi/10.3.1/../../../../arm-none-eabi/lib/thumb/v7e-m+fp/hard\libc_nano.a(lib_a-nano-freer.o)
                0x000000000800e2fc                _free_r
 .text.sbrk_aligned
                0x000000000800e394       0x40 c:/st/stm32cubeide_1.12.1/stm32cubeide/plugins/com.st.stm32cube.ide.mcu.externaltools.gnu-tools-for-stm32.10.3-2021.10.win32_1.0.200.202301161003/tools/bin/../lib/gcc/arm-none-eabi/10.3.1/../../../../arm-none-eabi/lib/thumb/v7e-m+fp/hard\libc_nano.a(lib_a-nano-mallocr.o)
 .text._malloc_r
                0x000000000800e3d4       0xe8 c:/st/stm32cubeide_1.12.1/stm32cubeide/plugins/com.st.stm32cube.ide.mcu.externaltools.gnu-tools-for-stm32.10.3-2021.10.win32_1.0.200.202301161003/tools/bin/../lib/gcc/arm-none-eabi/10.3.1/../../../../arm-none-eabi/lib/thumb/v7e-m+fp/hard\libc_nano.a(lib_a-nano-mallocr.o)
                0x000000000800e3d4                _malloc_r
 .text._sbrk_r  0x000000000800e4bc       0x20 c:/st/stm32cubeide_1.12.1/stm32cubeide/plugins/com.st.stm32cube.ide.mcu.externaltools.gnu-tools-for-stm32.10.3-2021.10.win32_1.0.200.202301161003/tools/bin/../lib/gcc/arm-none-eabi/10.3.1/../../../../arm-none-eabi/lib/thumb/v7e-m+fp/hard\libc_nano.a(lib_a-sbrkr.o)
                0x000000000800e4bc                _sbrk_r
 .text.__malloc_lock
                0x000000000800e4dc        0xc c:/st/stm32cubeide_1.12.1/stm32cubeide/plugins/com.st.stm32cube.ide.mcu.externaltools.gnu-tools-for-stm32.10.3-2021.10.win32_1.0.200.202301161003/tools/bin/../lib/gcc/arm-none-eabi/10.3.1/../../../../arm-none-eabi/lib/thumb/v7e-m+fp/hard\libc_nano.a(lib_a-mlock.o)
                0x000000000800e4dc                __malloc_lock
 .text.__malloc_unlock
                0x000000000800e4e8        0xc c:/st/stm32cubeide_1.12.1/stm32cubeide/plugins/com.st.stm32cube.ide.mcu.externaltools.gnu-tools-for-stm32.10.3-2021.10.win32_1.0.200.202301161003/tools/bin/../lib/gcc/arm-none-eabi/10.3.1/../../../../arm-none-eabi/lib/thumb/v7e-m+fp/hard\libc_nano.a(lib_a-mlock.o)
                0x000000000800e4e8                __malloc_unlock
 .text.__retarget_lock_acquire_recursive
                0x000000000800e4f4        0x2 c:/st/stm32cubeide_1.12.1/stm32cubeide/plugins/com.st.stm32cube.ide.mcu.externaltools.gnu-tools-for-stm32.10.3-2021.10.win32_1.0.200.202301161003/tools/bin/../lib/gcc/arm-none-eabi/10.3.1/../../../../arm-none-eabi/lib/thumb/v7e-m+fp/hard\libc_nano.a(lib_a-lock.o)
                0x000000000800e4f4                __retarget_lock_acquire_recursive
 .text.__retarget_lock_release_recursive
                0x000000000800e4f6        0x2 c:/st/stm32cubeide_1.12.1/stm32cubeide/plugins/com.st.stm32cube.ide.mcu.externaltools.gnu-tools-for-stm32.10.3-2021.10.win32_1.0.200.202301161003/tools/bin/../lib/gcc/arm-none-eabi/10.3.1/../../../../arm-none-eabi/lib/thumb/v7e-m+fp/hard\libc_nano.a(lib_a-lock.o)
                0x000000000800e4f6                __retarget_lock_release_recursive
 *(.glue_7)
 .glue_7        0x000000000800e4f8        0x0 linker stubs
 *(.glue_7t)
 .glue_7t       0x000000000800e4f8        0x0 linker stubs
 *(.eh_frame)
 .eh_frame      0x000000000800e4f8        0x0 c:/st/stm32cubeide_1.12.1/stm32cubeide/plugins/com.st.stm32cube.ide.mcu.externaltools.gnu-tools-for-stm32.10.3-2021.10.win32_1.0.200.202301161003/tools/bin/../lib/gcc/arm-none-eabi/10.3.1/thumb/v7e-m+fp/hard/crtbegin.o
 *(.init)
 .init          0x000000000800e4f8        0x4 c:/st/stm32cubeide_1.12.1/stm32cubeide/plugins/com.st.stm32cube.ide.mcu.externaltools.gnu-tools-for-stm32.10.3-2021.10.win32_1.0.200.202301161003/tools/bin/../lib/gcc/arm-none-eabi/10.3.1/thumb/v7e-m+fp/hard/crti.o
                0x000000000800e4f8                _init
 .init          0x000000000800e4fc        0x8 c:/st/stm32cubeide_1.12.1/stm32cubeide/plugins/com.st.stm32cube.ide.mcu.externaltools.gnu-tools-for-stm32.10.3-2021.10.win32_1.0.200.202301161003/tools/bin/../lib/gcc/arm-none-eabi/10.3.1/thumb/v7e-m+fp/hard/crtn.o
 *(.fini)
 .fini          0x000000000800e504        0x4 c:/st/stm32cubeide_1.12.1/stm32cubeide/plugins/com.st.stm32cube.ide.mcu.externaltools.gnu-tools-for-stm32.10.3-2021.10.win32_1.0.200.202301161003/tools/bin/../lib/gcc/arm-none-eabi/10.3.1/thumb/v7e-m+fp/hard/crti.o
                0x000000000800e504                _fini
 .fini          0x000000000800e508        0x8 c:/st/stm32cubeide_1.12.1/stm32cubeide/plugins/com.st.stm32cube.ide.mcu.externaltools.gnu-tools-for-stm32.10.3-2021.10.win32_1.0.200.202301161003/tools/bin/../lib/gcc/arm-none-eabi/10.3.1/thumb/v7e-m+fp/hard/crtn.o
                0x000000000800e510                . = ALIGN (0x4)
                0x000000000800e510                _etext = .

.vfp11_veneer   0x000000000800e510        0x0
 .vfp11_veneer  0x000000000800e510        0x0 linker stubs

.v4_bx          0x000000000800e510        0x0
 .v4_bx         0x000000000800e510        0x0 linker stubs

.iplt           0x000000000800e510        0x0
 .iplt          0x000000000800e510        0x0 c:/st/stm32cubeide_1.12.1/stm32cubeide/plugins/com.st.stm32cube.ide.mcu.externaltools.gnu-tools-for-stm32.10.3-2021.10.win32_1.0.200.202301161003/tools/bin/../lib/gcc/arm-none-eabi/10.3.1/thumb/v7e-m+fp/hard/crtbegin.o

.rodata         0x000000000800e510      0x184
                0x000000000800e510                . = ALIGN (0x4)
 *(.rodata)
 .rodata        0x000000000800e510       0x25 ./Core/Src/main.o
 *fill*         0x000000000800e535        0x3 
 .rodata        0x000000000800e538        0x4 ./Middlewares/ST/STM32_USB_Host_Library/Class/MSC/Src/usbh_msc.o
 .rodata        0x000000000800e53c       0x44 ./Middlewares/Third_Party/FatFs/src/ff.o
 *(.rodata*)
 .rodata.I2SFreq
                0x000000000800e580       0x20 ./Core/Src/audioI2S.o
                0x000000000800e580                I2SFreq
 .rodata.I2SPLLN
                0x000000000800e5a0       0x20 ./Core/Src/audioI2S.o
                0x000000000800e5a0                I2SPLLN
 .rodata.I2SPLLR
                0x000000000800e5c0       0x20 ./Core/Src/audioI2S.o
                0x000000000800e5c0                I2SPLLR
 .rodata.AHBPrescTable
                0x000000000800e5e0       0x10 ./Core/Src/system_stm32f4xx.o
                0x000000000800e5e0                AHBPrescTable
 .rodata.APBPrescTable
                0x000000000800e5f0        0x8 ./Core/Src/system_stm32f4xx.o
                0x000000000800e5f0                APBPrescTable
 .rodata.flagBitshiftOffset.0
                0x000000000800e5f8        0x8 ./Drivers/STM32F4xx_HAL_Driver/Src/stm32f4xx_hal_dma.o
 .rodata.USBH_Driver
                0x000000000800e600       0x14 ./FATFS/Target/usbh_diskio.o
                0x000000000800e600                USBH_Driver
 .rodata.ExCvt  0x000000000800e614       0x80 ./Middlewares/Third_Party/FatFs/src/ff.o
                0x000000000800e694                . = ALIGN (0x4)

.ARM.extab      0x000000000800e694        0x0
                0x000000000800e694                . = ALIGN (0x4)
 *(.ARM.extab* .gnu.linkonce.armextab.*)
                0x000000000800e694                . = ALIGN (0x4)

.ARM            0x000000000800e694        0x8
                0x000000000800e694                . = ALIGN (0x4)
                0x000000000800e694                __exidx_start = .
 *(.ARM.exidx*)
 .ARM.exidx     0x000000000800e694        0x8 c:/st/stm32cubeide_1.12.1/stm32cubeide/plugins/com.st.stm32cube.ide.mcu.externaltools.gnu-tools-for-stm32.10.3-2021.10.win32_1.0.200.202301161003/tools/bin/../lib/gcc/arm-none-eabi/10.3.1/thumb/v7e-m+fp/hard\libgcc.a(_udivmoddi4.o)
                0x000000000800e69c                __exidx_end = .
                0x000000000800e69c                . = ALIGN (0x4)

.rel.dyn        0x000000000800e69c        0x0
 .rel.iplt      0x000000000800e69c        0x0 c:/st/stm32cubeide_1.12.1/stm32cubeide/plugins/com.st.stm32cube.ide.mcu.externaltools.gnu-tools-for-stm32.10.3-2021.10.win32_1.0.200.202301161003/tools/bin/../lib/gcc/arm-none-eabi/10.3.1/thumb/v7e-m+fp/hard/crtbegin.o

.preinit_array  0x000000000800e69c        0x0
                0x000000000800e69c                . = ALIGN (0x4)
                0x000000000800e69c                PROVIDE (__preinit_array_start = .)
 *(.preinit_array*)
                0x000000000800e69c                PROVIDE (__preinit_array_end = .)
                0x000000000800e69c                . = ALIGN (0x4)

.init_array     0x000000000800e69c        0x4
                0x000000000800e69c                . = ALIGN (0x4)
                0x000000000800e69c                PROVIDE (__init_array_start = .)
 *(SORT_BY_NAME(.init_array.*))
 *(.init_array*)
 .init_array    0x000000000800e69c        0x4 c:/st/stm32cubeide_1.12.1/stm32cubeide/plugins/com.st.stm32cube.ide.mcu.externaltools.gnu-tools-for-stm32.10.3-2021.10.win32_1.0.200.202301161003/tools/bin/../lib/gcc/arm-none-eabi/10.3.1/thumb/v7e-m+fp/hard/crtbegin.o
                0x000000000800e6a0                PROVIDE (__init_array_end = .)
                0x000000000800e6a0                . = ALIGN (0x4)

.fini_array     0x000000000800e6a0        0x4
                0x000000000800e6a0                . = ALIGN (0x4)
                [!provide]                        PROVIDE (__fini_array_start = .)
 *(SORT_BY_NAME(.fini_array.*))
 *(.fini_array*)
 .fini_array    0x000000000800e6a0        0x4 c:/st/stm32cubeide_1.12.1/stm32cubeide/plugins/com.st.stm32cube.ide.mcu.externaltools.gnu-tools-for-stm32.10.3-2021.10.win32_1.0.200.202301161003/tools/bin/../lib/gcc/arm-none-eabi/10.3.1/thumb/v7e-m+fp/hard/crtbegin.o
                [!provide]                        PROVIDE (__fini_array_end = .)
                0x000000000800e6a4                . = ALIGN (0x4)
                0x000000000800e6a4                _sidata = LOADADDR (.data)

.data           0x0000000020000000       0x90 load address 0x000000000800e6a4
                0x0000000020000000                . = ALIGN (0x4)
                0x0000000020000000                _sdata = .
 *(.data)
 *(.data*)
 .data.SystemCoreClock
                0x0000000020000000        0x4 ./Core/Src/system_stm32f4xx.o
                0x0000000020000000                SystemCoreClock
 .data.uwTickPrio
                0x0000000020000004        0x4 ./Drivers/STM32F4xx_HAL_Driver/Src/stm32f4xx_hal.o
                0x0000000020000004                uwTickPrio
 .data.uwTickFreq
                0x0000000020000008        0x1 ./Drivers/STM32F4xx_HAL_Driver/Src/stm32f4xx_hal.o
                0x0000000020000008                uwTickFreq
 *fill*         0x0000000020000009        0x3 
 .data.USBH_msc
                0x000000002000000c       0x20 ./Middlewares/ST/STM32_USB_Host_Library/Class/MSC/Src/usbh_msc.o
                0x000000002000000c                USBH_msc
 .data._impure_ptr
                0x000000002000002c        0x4 c:/st/stm32cubeide_1.12.1/stm32cubeide/plugins/com.st.stm32cube.ide.mcu.externaltools.gnu-tools-for-stm32.10.3-2021.10.win32_1.0.200.202301161003/tools/bin/../lib/gcc/arm-none-eabi/10.3.1/../../../../arm-none-eabi/lib/thumb/v7e-m+fp/hard\libc_nano.a(lib_a-impure.o)
                0x000000002000002c                _impure_ptr
 .data.impure_data
                0x0000000020000030       0x60 c:/st/stm32cubeide_1.12.1/stm32cubeide/plugins/com.st.stm32cube.ide.mcu.externaltools.gnu-tools-for-stm32.10.3-2021.10.win32_1.0.200.202301161003/tools/bin/../lib/gcc/arm-none-eabi/10.3.1/../../../../arm-none-eabi/lib/thumb/v7e-m+fp/hard\libc_nano.a(lib_a-impure.o)
 *(.RamFunc)
 *(.RamFunc*)
                0x0000000020000090                . = ALIGN (0x4)
                0x0000000020000090                _edata = .
                0x000000000800e734                _siccmram = LOADADDR (.ccmram)

.igot.plt       0x0000000020000090        0x0 load address 0x000000000800e734
 .igot.plt      0x0000000020000090        0x0 c:/st/stm32cubeide_1.12.1/stm32cubeide/plugins/com.st.stm32cube.ide.mcu.externaltools.gnu-tools-for-stm32.10.3-2021.10.win32_1.0.200.202301161003/tools/bin/../lib/gcc/arm-none-eabi/10.3.1/thumb/v7e-m+fp/hard/crtbegin.o

.ccmram         0x0000000010000000        0x0 load address 0x000000000800e734
                0x0000000010000000                . = ALIGN (0x4)
                0x0000000010000000                _sccmram = .
 *(.ccmram)
 *(.ccmram*)
                0x0000000010000000                . = ALIGN (0x4)
                0x0000000010000000                _eccmram = .
                0x0000000010000000                . = ALIGN (0x4)

.bss            0x0000000020000090     0x1d18
                0x0000000020000090                _sbss = .
                0x0000000020000090                __bss_start__ = _sbss
 *(.bss)
 .bss           0x0000000020000090       0x1c c:/st/stm32cubeide_1.12.1/stm32cubeide/plugins/com.st.stm32cube.ide.mcu.externaltools.gnu-tools-for-stm32.10.3-2021.10.win32_1.0.200.202301161003/tools/bin/../lib/gcc/arm-none-eabi/10.3.1/thumb/v7e-m+fp/hard/crtbegin.o
 *(.bss*)
 .bss.i2cx      0x00000000200000ac       0x54 ./Core/Src/MY_CS43L22.o
 .bss.hAudioI2S
                0x0000000020000100        0x4 ./Core/Src/audioI2S.o
 .bss.hi2c1     0x0000000020000104       0x54 ./Core/Src/main.o
                0x0000000020000104                hi2c1
 .bss.hi2s3     0x0000000020000158       0x48 ./Core/Src/main.o
                0x0000000020000158                hi2s3
 .bss.hdma_spi3_tx
                0x00000000200001a0       0x60 ./Core/Src/main.o
                0x00000000200001a0                hdma_spi3_tx
 .bss.__sbrk_heap_end
                0x0000000020000200        0x4 ./Core/Src/sysmem.o
 .bss.wavFile   0x0000000020000204      0x230 ./Core/Src/wav_player.o
 .bss.fileLength
                0x0000000020000434        0x4 ./Core/Src/wav_player.o
 .bss.audioBuffer
                0x0000000020000438     0x1000 ./Core/Src/wav_player.o
 .bss.audioRemainSize
                0x0000000020001438        0x4 ./Core/Src/wav_player.o
 .bss.samplingFreq
                0x000000002000143c        0x4 ./Core/Src/wav_player.o
 .bss.playerReadBytes
                0x0000000020001440        0x4 ./Core/Src/wav_player.o
 .bss.isFinished
                0x0000000020001444        0x1 ./Core/Src/wav_player.o
 .bss.playerControlSM
                0x0000000020001445        0x1 ./Core/Src/wav_player.o
 *fill*         0x0000000020001446        0x2 
 .bss.uwTick    0x0000000020001448        0x4 ./Drivers/STM32F4xx_HAL_Driver/Src/stm32f4xx_hal.o
                0x0000000020001448                uwTick
 .bss.retUSBH   0x000000002000144c        0x1 ./FATFS/App/fatfs.o
                0x000000002000144c                retUSBH
 *fill*         0x000000002000144d        0x3 
 .bss.USBHPath  0x0000000020001450        0x4 ./FATFS/App/fatfs.o
                0x0000000020001450                USBHPath
 .bss.USBHFatFS
                0x0000000020001454      0x230 ./FATFS/App/fatfs.o
                0x0000000020001454                USBHFatFS
 .bss.FatFs     0x0000000020001684        0x4 ./Middlewares/Third_Party/FatFs/src/ff.o
 .bss.Fsid      0x0000000020001688        0x2 ./Middlewares/Third_Party/FatFs/src/ff.o
 *fill*         0x000000002000168a        0x2 
 .bss.Files     0x000000002000168c       0x20 ./Middlewares/Third_Party/FatFs/src/ff.o
 .bss.disk      0x00000000200016ac        0xc ./Middlewares/Third_Party/FatFs/src/ff_gen_drv.o
                0x00000000200016ac                disk
 .bss.hUsbHostFS
                0x00000000200016b8      0x3d8 ./USB_HOST/App/usb_host.o
                0x00000000200016b8                hUsbHostFS
 .bss.Appli_state
                0x0000000020001a90        0x1 ./USB_HOST/App/usb_host.o
                0x0000000020001a90                Appli_state
 *fill*         0x0000000020001a91        0x3 
 .bss.hhcd_USB_OTG_FS
                0x0000000020001a94      0x304 ./USB_HOST/Target/usbh_conf.o
                0x0000000020001a94                hhcd_USB_OTG_FS
 .bss.__malloc_free_list
                0x0000000020001d98        0x4 c:/st/stm32cubeide_1.12.1/stm32cubeide/plugins/com.st.stm32cube.ide.mcu.externaltools.gnu-tools-for-stm32.10.3-2021.10.win32_1.0.200.202301161003/tools/bin/../lib/gcc/arm-none-eabi/10.3.1/../../../../arm-none-eabi/lib/thumb/v7e-m+fp/hard\libc_nano.a(lib_a-nano-mallocr.o)
                0x0000000020001d98                __malloc_free_list
 .bss.__malloc_sbrk_start
                0x0000000020001d9c        0x4 c:/st/stm32cubeide_1.12.1/stm32cubeide/plugins/com.st.stm32cube.ide.mcu.externaltools.gnu-tools-for-stm32.10.3-2021.10.win32_1.0.200.202301161003/tools/bin/../lib/gcc/arm-none-eabi/10.3.1/../../../../arm-none-eabi/lib/thumb/v7e-m+fp/hard\libc_nano.a(lib_a-nano-mallocr.o)
                0x0000000020001d9c                __malloc_sbrk_start
 .bss.errno     0x0000000020001da0        0x4 c:/st/stm32cubeide_1.12.1/stm32cubeide/plugins/com.st.stm32cube.ide.mcu.externaltools.gnu-tools-for-stm32.10.3-2021.10.win32_1.0.200.202301161003/tools/bin/../lib/gcc/arm-none-eabi/10.3.1/../../../../arm-none-eabi/lib/thumb/v7e-m+fp/hard\libc_nano.a(lib_a-reent.o)
                0x0000000020001da0                errno
 .bss.__lock___malloc_recursive_mutex
                0x0000000020001da4        0x1 c:/st/stm32cubeide_1.12.1/stm32cubeide/plugins/com.st.stm32cube.ide.mcu.externaltools.gnu-tools-for-stm32.10.3-2021.10.win32_1.0.200.202301161003/tools/bin/../lib/gcc/arm-none-eabi/10.3.1/../../../../arm-none-eabi/lib/thumb/v7e-m+fp/hard\libc_nano.a(lib_a-lock.o)
                0x0000000020001da4                __lock___malloc_recursive_mutex
 *(COMMON)
                0x0000000020001da8                . = ALIGN (0x4)
 *fill*         0x0000000020001da5        0x3 
                0x0000000020001da8                _ebss = .
                0x0000000020001da8                __bss_end__ = _ebss

._user_heap_stack
                0x0000000020001da8     0x4000
                0x0000000020001da8                . = ALIGN (0x8)
                [!provide]                        PROVIDE (end = .)
                0x0000000020001da8                PROVIDE (_end = .)
                0x0000000020003da8                . = (. + _Min_Heap_Size)
 *fill*         0x0000000020001da8     0x2000 
                0x0000000020005da8                . = (. + _Min_Stack_Size)
 *fill*         0x0000000020003da8     0x2000 
                0x0000000020005da8                . = ALIGN (0x8)

/DISCARD/
 libc.a(*)
 libm.a(*)
 libgcc.a(*)

.ARM.attributes
                0x0000000000000000       0x30
 *(.ARM.attributes)
 .ARM.attributes
                0x0000000000000000       0x1e c:/st/stm32cubeide_1.12.1/stm32cubeide/plugins/com.st.stm32cube.ide.mcu.externaltools.gnu-tools-for-stm32.10.3-2021.10.win32_1.0.200.202301161003/tools/bin/../lib/gcc/arm-none-eabi/10.3.1/thumb/v7e-m+fp/hard/crti.o
 .ARM.attributes
                0x000000000000001e       0x34 c:/st/stm32cubeide_1.12.1/stm32cubeide/plugins/com.st.stm32cube.ide.mcu.externaltools.gnu-tools-for-stm32.10.3-2021.10.win32_1.0.200.202301161003/tools/bin/../lib/gcc/arm-none-eabi/10.3.1/thumb/v7e-m+fp/hard/crtbegin.o
 .ARM.attributes
                0x0000000000000052       0x34 ./Core/Src/MY_CS43L22.o
 .ARM.attributes
                0x0000000000000086       0x34 ./Core/Src/audioI2S.o
 .ARM.attributes
                0x00000000000000ba       0x34 ./Core/Src/main.o
 .ARM.attributes
                0x00000000000000ee       0x34 ./Core/Src/stm32f4xx_hal_msp.o
 .ARM.attributes
                0x0000000000000122       0x34 ./Core/Src/stm32f4xx_it.o
 .ARM.attributes
                0x0000000000000156       0x34 ./Core/Src/sysmem.o
 .ARM.attributes
                0x000000000000018a       0x34 ./Core/Src/system_stm32f4xx.o
 .ARM.attributes
                0x00000000000001be       0x34 ./Core/Src/wav_player.o
 .ARM.attributes
                0x00000000000001f2       0x21 ./Core/Startup/startup_stm32f407vgtx.o
 .ARM.attributes
                0x0000000000000213       0x34 ./Drivers/STM32F4xx_HAL_Driver/Src/stm32f4xx_hal.o
 .ARM.attributes
                0x0000000000000247       0x34 ./Drivers/STM32F4xx_HAL_Driver/Src/stm32f4xx_hal_cortex.o
 .ARM.attributes
                0x000000000000027b       0x34 ./Drivers/STM32F4xx_HAL_Driver/Src/stm32f4xx_hal_dma.o
 .ARM.attributes
                0x00000000000002af       0x34 ./Drivers/STM32F4xx_HAL_Driver/Src/stm32f4xx_hal_gpio.o
 .ARM.attributes
                0x00000000000002e3       0x34 ./Drivers/STM32F4xx_HAL_Driver/Src/stm32f4xx_hal_hcd.o
 .ARM.attributes
                0x0000000000000317       0x34 ./Drivers/STM32F4xx_HAL_Driver/Src/stm32f4xx_hal_i2c.o
 .ARM.attributes
                0x000000000000034b       0x34 ./Drivers/STM32F4xx_HAL_Driver/Src/stm32f4xx_hal_i2s.o
 .ARM.attributes
                0x000000000000037f       0x34 ./Drivers/STM32F4xx_HAL_Driver/Src/stm32f4xx_hal_i2s_ex.o
 .ARM.attributes
                0x00000000000003b3       0x34 ./Drivers/STM32F4xx_HAL_Driver/Src/stm32f4xx_hal_rcc.o
 .ARM.attributes
                0x00000000000003e7       0x34 ./Drivers/STM32F4xx_HAL_Driver/Src/stm32f4xx_hal_rcc_ex.o
 .ARM.attributes
                0x000000000000041b       0x34 ./Drivers/STM32F4xx_HAL_Driver/Src/stm32f4xx_ll_usb.o
 .ARM.attributes
                0x000000000000044f       0x34 ./FATFS/App/fatfs.o
 .ARM.attributes
                0x0000000000000483       0x34 ./FATFS/Target/usbh_diskio.o
 .ARM.attributes
                0x00000000000004b7       0x34 ./Middlewares/ST/STM32_USB_Host_Library/Class/MSC/Src/usbh_msc.o
 .ARM.attributes
                0x00000000000004eb       0x34 ./Middlewares/ST/STM32_USB_Host_Library/Class/MSC/Src/usbh_msc_bot.o
 .ARM.attributes
                0x000000000000051f       0x34 ./Middlewares/ST/STM32_USB_Host_Library/Class/MSC/Src/usbh_msc_scsi.o
 .ARM.attributes
                0x0000000000000553       0x34 ./Middlewares/ST/STM32_USB_Host_Library/Core/Src/usbh_core.o
 .ARM.attributes
                0x0000000000000587       0x34 ./Middlewares/ST/STM32_USB_Host_Library/Core/Src/usbh_ctlreq.o
 .ARM.attributes
                0x00000000000005bb       0x34 ./Middlewares/ST/STM32_USB_Host_Library/Core/Src/usbh_ioreq.o
 .ARM.attributes
                0x00000000000005ef       0x34 ./Middlewares/ST/STM32_USB_Host_Library/Core/Src/usbh_pipes.o
 .ARM.attributes
                0x0000000000000623       0x34 ./Middlewares/Third_Party/FatFs/src/diskio.o
 .ARM.attributes
                0x0000000000000657       0x34 ./Middlewares/Third_Party/FatFs/src/ff.o
 .ARM.attributes
                0x000000000000068b       0x34 ./Middlewares/Third_Party/FatFs/src/ff_gen_drv.o
 .ARM.attributes
                0x00000000000006bf       0x34 ./USB_HOST/App/usb_host.o
 .ARM.attributes
                0x00000000000006f3       0x34 ./USB_HOST/Target/usbh_conf.o
 .ARM.attributes
                0x0000000000000727       0x34 ./USB_HOST/Target/usbh_platform.o
 .ARM.attributes
                0x000000000000075b       0x34 c:/st/stm32cubeide_1.12.1/stm32cubeide/plugins/com.st.stm32cube.ide.mcu.externaltools.gnu-tools-for-stm32.10.3-2021.10.win32_1.0.200.202301161003/tools/bin/../lib/gcc/arm-none-eabi/10.3.1/../../../../arm-none-eabi/lib/thumb/v7e-m+fp/hard\libc_nano.a(lib_a-errno.o)
 .ARM.attributes
                0x000000000000078f       0x34 c:/st/stm32cubeide_1.12.1/stm32cubeide/plugins/com.st.stm32cube.ide.mcu.externaltools.gnu-tools-for-stm32.10.3-2021.10.win32_1.0.200.202301161003/tools/bin/../lib/gcc/arm-none-eabi/10.3.1/../../../../arm-none-eabi/lib/thumb/v7e-m+fp/hard\libc_nano.a(lib_a-impure.o)
 .ARM.attributes
                0x00000000000007c3       0x34 c:/st/stm32cubeide_1.12.1/stm32cubeide/plugins/com.st.stm32cube.ide.mcu.externaltools.gnu-tools-for-stm32.10.3-2021.10.win32_1.0.200.202301161003/tools/bin/../lib/gcc/arm-none-eabi/10.3.1/../../../../arm-none-eabi/lib/thumb/v7e-m+fp/hard\libc_nano.a(lib_a-init.o)
 .ARM.attributes
                0x00000000000007f7       0x34 c:/st/stm32cubeide_1.12.1/stm32cubeide/plugins/com.st.stm32cube.ide.mcu.externaltools.gnu-tools-for-stm32.10.3-2021.10.win32_1.0.200.202301161003/tools/bin/../lib/gcc/arm-none-eabi/10.3.1/../../../../arm-none-eabi/lib/thumb/v7e-m+fp/hard\libc_nano.a(lib_a-malloc.o)
 .ARM.attributes
                0x000000000000082b       0x34 c:/st/stm32cubeide_1.12.1/stm32cubeide/plugins/com.st.stm32cube.ide.mcu.externaltools.gnu-tools-for-stm32.10.3-2021.10.win32_1.0.200.202301161003/tools/bin/../lib/gcc/arm-none-eabi/10.3.1/../../../../arm-none-eabi/lib/thumb/v7e-m+fp/hard\libc_nano.a(lib_a-memcpy-stub.o)
 .ARM.attributes
                0x000000000000085f       0x34 c:/st/stm32cubeide_1.12.1/stm32cubeide/plugins/com.st.stm32cube.ide.mcu.externaltools.gnu-tools-for-stm32.10.3-2021.10.win32_1.0.200.202301161003/tools/bin/../lib/gcc/arm-none-eabi/10.3.1/../../../../arm-none-eabi/lib/thumb/v7e-m+fp/hard\libc_nano.a(lib_a-memset.o)
 .ARM.attributes
                0x0000000000000893       0x34 c:/st/stm32cubeide_1.12.1/stm32cubeide/plugins/com.st.stm32cube.ide.mcu.externaltools.gnu-tools-for-stm32.10.3-2021.10.win32_1.0.200.202301161003/tools/bin/../lib/gcc/arm-none-eabi/10.3.1/../../../../arm-none-eabi/lib/thumb/v7e-m+fp/hard\libc_nano.a(lib_a-nano-freer.o)
 .ARM.attributes
                0x00000000000008c7       0x34 c:/st/stm32cubeide_1.12.1/stm32cubeide/plugins/com.st.stm32cube.ide.mcu.externaltools.gnu-tools-for-stm32.10.3-2021.10.win32_1.0.200.202301161003/tools/bin/../lib/gcc/arm-none-eabi/10.3.1/../../../../arm-none-eabi/lib/thumb/v7e-m+fp/hard\libc_nano.a(lib_a-nano-mallocr.o)
 .ARM.attributes
                0x00000000000008fb       0x34 c:/st/stm32cubeide_1.12.1/stm32cubeide/plugins/com.st.stm32cube.ide.mcu.externaltools.gnu-tools-for-stm32.10.3-2021.10.win32_1.0.200.202301161003/tools/bin/../lib/gcc/arm-none-eabi/10.3.1/../../../../arm-none-eabi/lib/thumb/v7e-m+fp/hard\libc_nano.a(lib_a-sbrkr.o)
 .ARM.attributes
                0x000000000000092f       0x34 c:/st/stm32cubeide_1.12.1/stm32cubeide/plugins/com.st.stm32cube.ide.mcu.externaltools.gnu-tools-for-stm32.10.3-2021.10.win32_1.0.200.202301161003/tools/bin/../lib/gcc/arm-none-eabi/10.3.1/../../../../arm-none-eabi/lib/thumb/v7e-m+fp/hard\libc_nano.a(lib_a-mlock.o)
 .ARM.attributes
                0x0000000000000963       0x34 c:/st/stm32cubeide_1.12.1/stm32cubeide/plugins/com.st.stm32cube.ide.mcu.externaltools.gnu-tools-for-stm32.10.3-2021.10.win32_1.0.200.202301161003/tools/bin/../lib/gcc/arm-none-eabi/10.3.1/../../../../arm-none-eabi/lib/thumb/v7e-m+fp/hard\libc_nano.a(lib_a-reent.o)
 .ARM.attributes
                0x0000000000000997       0x34 c:/st/stm32cubeide_1.12.1/stm32cubeide/plugins/com.st.stm32cube.ide.mcu.externaltools.gnu-tools-for-stm32.10.3-2021.10.win32_1.0.200.202301161003/tools/bin/../lib/gcc/arm-none-eabi/10.3.1/../../../../arm-none-eabi/lib/thumb/v7e-m+fp/hard\libc_nano.a(lib_a-lock.o)
 .ARM.attributes
                0x00000000000009cb       0x1e c:/st/stm32cubeide_1.12.1/stm32cubeide/plugins/com.st.stm32cube.ide.mcu.externaltools.gnu-tools-for-stm32.10.3-2021.10.win32_1.0.200.202301161003/tools/bin/../lib/gcc/arm-none-eabi/10.3.1/thumb/v7e-m+fp/hard\libgcc.a(_aeabi_uldivmod.o)
 .ARM.attributes
                0x00000000000009e9       0x34 c:/st/stm32cubeide_1.12.1/stm32cubeide/plugins/com.st.stm32cube.ide.mcu.externaltools.gnu-tools-for-stm32.10.3-2021.10.win32_1.0.200.202301161003/tools/bin/../lib/gcc/arm-none-eabi/10.3.1/thumb/v7e-m+fp/hard\libgcc.a(_udivmoddi4.o)
 .ARM.attributes
                0x0000000000000a1d       0x1e c:/st/stm32cubeide_1.12.1/stm32cubeide/plugins/com.st.stm32cube.ide.mcu.externaltools.gnu-tools-for-stm32.10.3-2021.10.win32_1.0.200.202301161003/tools/bin/../lib/gcc/arm-none-eabi/10.3.1/thumb/v7e-m+fp/hard\libgcc.a(_dvmd_tls.o)
 .ARM.attributes
                0x0000000000000a3b       0x1e c:/st/stm32cubeide_1.12.1/stm32cubeide/plugins/com.st.stm32cube.ide.mcu.externaltools.gnu-tools-for-stm32.10.3-2021.10.win32_1.0.200.202301161003/tools/bin/../lib/gcc/arm-none-eabi/10.3.1/thumb/v7e-m+fp/hard/crtn.o
OUTPUT(AudioJack_Test.elf elf32-littlearm)
LOAD linker stubs
LOAD c:/st/stm32cubeide_1.12.1/stm32cubeide/plugins/com.st.stm32cube.ide.mcu.externaltools.gnu-tools-for-stm32.10.3-2021.10.win32_1.0.200.202301161003/tools/bin/../lib/gcc/arm-none-eabi/10.3.1/../../../../arm-none-eabi/lib/thumb/v7e-m+fp/hard\libc.a